Archive member included to satisfy reference by file (symbol)

C:/ti/tivaware_SW-EK-TM4C123GXL-2.1.4.178.exe/driverlib/gcc/libdriver.a(sysctl.o)
                              ./drivers/rgb.o (SysCtlClockGet)
C:/ti/tivaware_SW-EK-TM4C123GXL-2.1.4.178.exe/driverlib/gcc/libdriver.a(cpu.o)
                              C:/ti/tivaware_SW-EK-TM4C123GXL-2.1.4.178.exe/driverlib/gcc/libdriver.a(sysctl.o) (CPUwfi)
C:/ti/tivaware_SW-EK-TM4C123GXL-2.1.4.178.exe/driverlib/gcc/libdriver.a(interrupt.o)
                              C:/ti/tivaware_SW-EK-TM4C123GXL-2.1.4.178.exe/driverlib/gcc/libdriver.a(sysctl.o) (IntRegister)
C:/ARMGCC/bin/../lib/gcc/arm-none-eabi/14.2.1/thumb/v7e-m+fp/hard\libgcc.a(_fixunssfdi.o)
                              ./drivers/rgb.o (__aeabi_f2ulz)
C:/ARMGCC/bin/../lib/gcc/arm-none-eabi/14.2.1/thumb/v7e-m+fp/hard\libgcc.a(_arm_muldf3.o)
                              C:/ARMGCC/bin/../lib/gcc/arm-none-eabi/14.2.1/thumb/v7e-m+fp/hard\libgcc.a(_fixunssfdi.o) (__aeabi_dmul)
C:/ARMGCC/bin/../lib/gcc/arm-none-eabi/14.2.1/thumb/v7e-m+fp/hard\libgcc.a(_arm_addsubdf3.o)
                              C:/ARMGCC/bin/../lib/gcc/arm-none-eabi/14.2.1/thumb/v7e-m+fp/hard\libgcc.a(_fixunssfdi.o) (__aeabi_dsub)
C:/ARMGCC/bin/../lib/gcc/arm-none-eabi/14.2.1/thumb/v7e-m+fp/hard\libgcc.a(_arm_fixunsdfsi.o)
                              C:/ARMGCC/bin/../lib/gcc/arm-none-eabi/14.2.1/thumb/v7e-m+fp/hard\libgcc.a(_fixunssfdi.o) (__aeabi_d2uiz)
C:/ARMGCC/bin/../lib/gcc/arm-none-eabi/14.2.1/thumb/v7e-m+fp/hard\libg.a(libc_a-exit.o)
                              C:/ARMGCC/bin/../lib/gcc/arm-none-eabi/14.2.1/thumb/v7e-m+fp/hard/crt0.o (exit)
C:/ARMGCC/bin/../lib/gcc/arm-none-eabi/14.2.1/thumb/v7e-m+fp/hard\libg.a(libc_a-findfp.o)
                              C:/ARMGCC/bin/../lib/gcc/arm-none-eabi/14.2.1/thumb/v7e-m+fp/hard\libg.a(libc_a-exit.o) (__stdio_exit_handler)
C:/ARMGCC/bin/../lib/gcc/arm-none-eabi/14.2.1/thumb/v7e-m+fp/hard\libg.a(libc_a-fwalk.o)
                              C:/ARMGCC/bin/../lib/gcc/arm-none-eabi/14.2.1/thumb/v7e-m+fp/hard\libg.a(libc_a-findfp.o) (_fwalk_sglue)
C:/ARMGCC/bin/../lib/gcc/arm-none-eabi/14.2.1/thumb/v7e-m+fp/hard\libg.a(libc_a-sprintf.o)
                              ./tasks.o (sprintf)
C:/ARMGCC/bin/../lib/gcc/arm-none-eabi/14.2.1/thumb/v7e-m+fp/hard\libg.a(libc_a-stdio.o)
                              C:/ARMGCC/bin/../lib/gcc/arm-none-eabi/14.2.1/thumb/v7e-m+fp/hard\libg.a(libc_a-findfp.o) (__sread)
C:/ARMGCC/bin/../lib/gcc/arm-none-eabi/14.2.1/thumb/v7e-m+fp/hard\libg.a(libc_a-memset.o)
                              C:/ARMGCC/bin/../lib/gcc/arm-none-eabi/14.2.1/thumb/v7e-m+fp/hard/crt0.o (memset)
C:/ARMGCC/bin/../lib/gcc/arm-none-eabi/14.2.1/thumb/v7e-m+fp/hard\libg.a(libc_a-closer.o)
                              C:/ARMGCC/bin/../lib/gcc/arm-none-eabi/14.2.1/thumb/v7e-m+fp/hard\libg.a(libc_a-stdio.o) (_close_r)
C:/ARMGCC/bin/../lib/gcc/arm-none-eabi/14.2.1/thumb/v7e-m+fp/hard\libg.a(libc_a-reent.o)
                              C:/ARMGCC/bin/../lib/gcc/arm-none-eabi/14.2.1/thumb/v7e-m+fp/hard\libg.a(libc_a-closer.o) (errno)
C:/ARMGCC/bin/../lib/gcc/arm-none-eabi/14.2.1/thumb/v7e-m+fp/hard\libg.a(libc_a-impure.o)
                              C:/ARMGCC/bin/../lib/gcc/arm-none-eabi/14.2.1/thumb/v7e-m+fp/hard\libg.a(libc_a-sprintf.o) (_impure_ptr)
C:/ARMGCC/bin/../lib/gcc/arm-none-eabi/14.2.1/thumb/v7e-m+fp/hard\libg.a(libc_a-lseekr.o)
                              C:/ARMGCC/bin/../lib/gcc/arm-none-eabi/14.2.1/thumb/v7e-m+fp/hard\libg.a(libc_a-stdio.o) (_lseek_r)
C:/ARMGCC/bin/../lib/gcc/arm-none-eabi/14.2.1/thumb/v7e-m+fp/hard\libg.a(libc_a-readr.o)
                              C:/ARMGCC/bin/../lib/gcc/arm-none-eabi/14.2.1/thumb/v7e-m+fp/hard\libg.a(libc_a-stdio.o) (_read_r)
C:/ARMGCC/bin/../lib/gcc/arm-none-eabi/14.2.1/thumb/v7e-m+fp/hard\libg.a(libc_a-writer.o)
                              C:/ARMGCC/bin/../lib/gcc/arm-none-eabi/14.2.1/thumb/v7e-m+fp/hard\libg.a(libc_a-stdio.o) (_write_r)
C:/ARMGCC/bin/../lib/gcc/arm-none-eabi/14.2.1/thumb/v7e-m+fp/hard\libg.a(libc_a-init.o)
                              C:/ARMGCC/bin/../lib/gcc/arm-none-eabi/14.2.1/thumb/v7e-m+fp/hard/crt0.o (__libc_init_array)
C:/ARMGCC/bin/../lib/gcc/arm-none-eabi/14.2.1/thumb/v7e-m+fp/hard\libg.a(libc_a-lock.o)
                              C:/ARMGCC/bin/../lib/gcc/arm-none-eabi/14.2.1/thumb/v7e-m+fp/hard\libg.a(libc_a-findfp.o) (__retarget_lock_init_recursive)
C:/ARMGCC/bin/../lib/gcc/arm-none-eabi/14.2.1/thumb/v7e-m+fp/hard\libg.a(libc_a-strcpy.o)
                              ./tasks.o (strcpy)
C:/ARMGCC/bin/../lib/gcc/arm-none-eabi/14.2.1/thumb/v7e-m+fp/hard\libg.a(libc_a-memcpy.o)
                              ./queue.o (memcpy)
C:/ARMGCC/bin/../lib/gcc/arm-none-eabi/14.2.1/thumb/v7e-m+fp/hard\libg.a(libc_a-strlen.o)
                              ./str_debugger.o (strlen)
C:/ARMGCC/bin/../lib/gcc/arm-none-eabi/14.2.1/thumb/v7e-m+fp/hard\libg.a(libc_a-__call_atexit.o)
[...]
Memory Configuration

Name             Origin             Length             Attributes
FLASH            0x00000000         0x00040000         xr
SRAM             0x20000000         0x00008000         xw
*default*        0x00000000         0xffffffff

Linker script and memory map

LOAD C:/ARMGCC/bin/../lib/gcc/arm-none-eabi/14.2.1/thumb/v7e-m+fp/hard/crti.o
LOAD C:/ARMGCC/bin/../lib/gcc/arm-none-eabi/14.2.1/thumb/v7e-m+fp/hard/crtbegin.o
LOAD C:/ARMGCC/bin/../lib/gcc/arm-none-eabi/14.2.1/thumb/v7e-m+fp/hard/crt0.o
LOAD ./controller.o
LOAD ./debugger.o
LOAD ./event_groups.o
LOAD ./file.o
LOAD ./gpio.o
LOAD ./led_state.o
LOAD ./led_task.o
LOAD ./list.o
LOAD ./main.o
LOAD ./messages.o
LOAD ./queue.o
LOAD ./str_debugger.o
LOAD ./sw_task.o
LOAD ./swtimers.o
LOAD ./systick.o
LOAD ./tasks.o
LOAD ./timers.o
LOAD ./tm4c123gh6pm_startup_ccs_gcc.o
LOAD ./uart_config.o
LOAD ./uart_rx_task.o
LOAD ./uart_tx_task.o
LOAD ./drivers/buttons.o
LOAD ./drivers/rgb.o
LOAD ./portable/GCC/ARM_CM4F/port.o
LOAD ./portable/MemMang/heap_2.o
                0x00000000                        PROVIDE (_intvecs_base_address = 0x0)

.intvecs        0x00000000      0x26c
 *(.intvecs)
 .intvecs       0x00000000      0x26c ./tm4c123gh6pm_startup_ccs_gcc.o
                0x00000000                g_pfnVectors
                0x20000000                        PROVIDE (_vtable_base_address = 0x20000000)

.vtable
 *(.vtable)

.text           0x00000280     0x27fc
 CREATE_OBJECT_SYMBOLS
 *(.text)
 .text          0x00000280      0x134 C:/ARMGCC/bin/../lib/gcc/arm-none-eabi/14.2.1/thumb/v7e-m+fp/hard\libg.a(libc_a-memcpy.o)
                0x00000280                memcpy
 *fill*         0x000003b4        0xc 
 .text          0x000003c0       0xd8 C:/ARMGCC/bin/../lib/gcc/arm-none-eabi/14.2.1/thumb/v7e-m+fp/hard\libg.a(libc_a-strlen.o)
                0x000003c0                strlen
 *(.text.*)
 .text.register_tm_clones
                0x00000498       0x24 C:/ARMGCC/bin/../lib/gcc/arm-none-eabi/14.2.1/thumb/v7e-m+fp/hard/crtbegin.o
 .text.frame_dummy
                0x000004bc       0x24 C:/ARMGCC/bin/../lib/gcc/arm-none-eabi/14.2.1/thumb/v7e-m+fp/hard/crtbegin.o
 .text.vControllerTask
                0x000004e0       0x50 ./controller.o
                0x000004e0                vControllerTask
 .text.getTaskStateString
                0x00000530       0x18 ./debugger.o
                0x00000530                getTaskStateString
 .text.vDebugTask
                0x00000548       0x5c ./debugger.o
                0x00000548                vDebugTask
 .text.init_files
                0x000005a4       0x30 ./file.o
                0x000005a4                init_files
 .text.init_gpio
                0x000005d4       0x58 ./gpio.o
                0x000005d4                init_gpio
 .text.UpdateLEDState
                0x0000062c       0x30 ./led_state.o
                0x0000062c                UpdateLEDState
 .text.vLedTask
                0x0000065c       0x68 ./led_task.o
                0x0000065c                vLedTask
 .text.vListInitialise
                0x000006c4       0x16 ./list.o
                0x000006c4                vListInitialise
 .text.vListInitialiseItem
                0x000006da        0x6 ./list.o
                0x000006da                vListInitialiseItem
 .text.vListInsertEnd
                0x000006e0       0x16 ./list.o
                0x000006e0                vListInsertEnd
 .text.vListInsert
                0x000006f6       0x2e ./list.o
                0x000006f6                vListInsert
 .text.uxListRemove
                0x00000724       0x1e ./list.o
                0x00000724                uxListRemove
 *fill*         0x00000742        0x2 
 .text.startup.main
                0x00000744      0x150 ./main.o
                0x00000744                main
 .text.get_msg_event
                0x00000894       0x1c ./messages.o
                0x00000894                get_msg_event
 .text.put_msg_event
                0x000008b0       0x14 ./messages.o
                0x000008b0                put_msg_event
 .text.prvCopyDataToQueue
                0x000008c4       0x6c ./queue.o
 .text.prvCopyDataFromQueue
                0x00000930       0x2a ./queue.o
 .text.prvUnlockQueue
                0x0000095a       0x68 ./queue.o
 .text.xQueueGenericReset
                0x000009c2       0x7e ./queue.o
                0x000009c2                xQueueGenericReset
 .text.xQueueGenericCreate
                0x00000a40       0x62 ./queue.o
                0x00000a40                xQueueGenericCreate
 .text.xQueueGenericSend
                0x00000aa2      0x16a ./queue.o
                0x00000aa2                xQueueGenericSend
 .text.xQueueGenericSendFromISR
                0x00000c0c       0xb2 ./queue.o
                0x00000c0c                xQueueGenericSendFromISR
 .text.xQueueGenericReceive
                0x00000cbe      0x176 ./queue.o
                0x00000cbe                xQueueGenericReceive
 .text.vQueueWaitForMessageRestricted
                0x00000e34       0x3e ./queue.o
                0x00000e34                vQueueWaitForMessageRestricted
 *fill*         0x00000e72        0x2 
 .text.putc1    0x00000e74       0x18 ./str_debugger.o
                0x00000e74                putc1
 .text.putStr   0x00000e8c       0x16 ./str_debugger.o
                0x00000e8c                putStr
 .text.putChars
                0x00000ea2       0x1a ./str_debugger.o
                0x00000ea2                putChars
 .text.putDec   0x00000ebc       0xa8 ./str_debugger.o
                0x00000ebc                putDec
 .text.putHex   0x00000f64       0x4a ./str_debugger.o
                0x00000f64                putHex
 *fill*         0x00000fae        0x2 
 .text.gprint   0x00000fb0      0x164 ./str_debugger.o
                0x00000fb0                gprint
 .text.gprintf  0x00001114       0x20 ./str_debugger.o
                0x00001114                gprintf
 .text.button_pushed
                0x00001134       0x18 ./sw_task.o
                0x00001134                button_pushed
 .text.update_button_queue
                0x0000114c       0x3c ./sw_task.o
                0x0000114c                update_button_queue
 .text.vSwitchTask
                0x00001188       0x9c ./sw_task.o
                0x00001188                vSwitchTask
 .text.start_swtimer
                0x00001224       0x18 ./swtimers.o
                0x00001224                start_swtimer
 .text.setupRuntimeStatsTimer
                0x0000123c        0xc ./systick.o
                0x0000123c                setupRuntimeStatsTimer
 .text.init_systick
                0x00001248       0x54 ./systick.o
                0x00001248                init_systick
 .text.prvGetExpectedIdleTime
                0x0000129c       0x30 ./tasks.o
 .text.prvListTaskWithinSingleList
                0x000012cc       0x80 ./tasks.o
 .text.prvResetNextTaskUnblockTime
                0x0000134c       0x24 ./tasks.o
 .text.prvAddCurrentTaskToDelayedList
                0x00001370       0x50 ./tasks.o
 .text.xTaskGenericCreate
                0x000013c0      0x1f0 ./tasks.o
                0x000013c0                xTaskGenericCreate
 .text.vTaskStartScheduler
                0x000015b0       0x80 ./tasks.o
                0x000015b0                vTaskStartScheduler
 .text.vTaskSuspendAll
                0x00001630       0x10 ./tasks.o
                0x00001630                vTaskSuspendAll
 .text.xTaskGetTickCount
                0x00001640        0xc ./tasks.o
                0x00001640                xTaskGetTickCount
 .text.vTaskStepTick
                0x0000164c       0x30 ./tasks.o
                0x0000164c                vTaskStepTick
 .text.xTaskIncrementTick
                0x0000167c      0x138 ./tasks.o
                0x0000167c                xTaskIncrementTick
 .text.xTaskResumeAll
                0x000017b4       0xe8 ./tasks.o
                0x000017b4                xTaskResumeAll
 .text.vTaskDelay
                0x0000189c       0x7c ./tasks.o
                0x0000189c                vTaskDelay
 .text.prvIdleTask
                0x00001918       0xb8 ./tasks.o
 .text.uxTaskGetSystemState
                0x000019d0       0xa4 ./tasks.o
                0x000019d0                uxTaskGetSystemState
 .text.vTaskSwitchContext
                0x00001a74       0x8c ./tasks.o
                0x00001a74                vTaskSwitchContext
 .text.vTaskPlaceOnEventList
                0x00001b00       0x70 ./tasks.o
                0x00001b00                vTaskPlaceOnEventList
 .text.vTaskPlaceOnEventListRestricted
                0x00001b70       0x70 ./tasks.o
                0x00001b70                vTaskPlaceOnEventListRestricted
 .text.xTaskRemoveFromEventList
                0x00001be0       0x88 ./tasks.o
                0x00001be0                xTaskRemoveFromEventList
 .text.vTaskSetTimeOutState
                0x00001c68       0x2c ./tasks.o
                0x00001c68                vTaskSetTimeOutState
 .text.xTaskCheckForTimeOut
                0x00001c94       0x74 ./tasks.o
                0x00001c94                xTaskCheckForTimeOut
 .text.vTaskMissedYield
                0x00001d08        0xc ./tasks.o
                0x00001d08                vTaskMissedYield
 .text.eTaskConfirmSleepModeStatus
                0x00001d14       0x34 ./tasks.o
                0x00001d14                eTaskConfirmSleepModeStatus
 .text.xTaskGetSchedulerState
                0x00001d48       0x20 ./tasks.o
                0x00001d48                xTaskGetSchedulerState
 .text.vTaskPriorityInherit
                0x00001d68       0x90 ./tasks.o
                0x00001d68                vTaskPriorityInherit
 .text.xTaskPriorityDisinherit
                0x00001df8       0xa0 ./tasks.o
                0x00001df8                xTaskPriorityDisinherit
 .text.pvTaskIncrementMutexHeldCount
                0x00001e98       0x18 ./tasks.o
                0x00001e98                pvTaskIncrementMutexHeldCount
 .text.prvInsertTimerInActiveList
                0x00001eb0       0x3c ./timers.o
 .text.prvCheckForValidListAndQueue
                0x00001eec       0x60 ./timers.o
 .text.xTimerCreateTimerTask
                0x00001f4c       0x48 ./timers.o
                0x00001f4c                xTimerCreateTimerTask
 .text.xTimerGenericCommand
                0x00001f94       0x58 ./timers.o
                0x00001f94                xTimerGenericCommand
 .text.prvSwitchTimerLists
                0x00001fec       0x74 ./timers.o
 .text.prvTimerTask
                0x00002060      0x1d8 ./timers.o
 .text.NmiSR    0x00002238        0x2 ./tm4c123gh6pm_startup_ccs_gcc.o
 .text.FaultISR
                0x0000223a        0x2 ./tm4c123gh6pm_startup_ccs_gcc.o
 .text.IntDefaultHandler
                0x0000223c        0x2 ./tm4c123gh6pm_startup_ccs_gcc.o
 *fill*         0x0000223e        0x2 
 .text.ResetISR
                0x00002240       0x50 ./tm4c123gh6pm_startup_ccs_gcc.o
                0x00002240                ResetISR
 .text.uart0_getc
                0x00002290       0x14 ./uart_config.o
                0x00002290                uart0_getc
 .text.uart0_get_q
                0x000022a4        0xe ./uart_config.o
                0x000022a4                uart0_get_q
 *fill*         0x000022b2        0x2 
 .text.uart0_putc
                0x000022b4       0x10 ./uart_config.o
                0x000022b4                uart0_putc
 .text.uart0_put_q
                0x000022c4        0xa ./uart_config.o
                0x000022c4                uart0_put_q
 .text.lcrh_databits
                0x000022ce        0xe ./uart_config.o
                0x000022ce                lcrh_databits
 .text.lcrh_parity
                0x000022dc       0x28 ./uart_config.o
                0x000022dc                lcrh_parity
 .text.uart0_fifos_disable
                0x00002304       0x10 ./uart_config.o
                0x00002304                uart0_fifos_disable
 .text.uart0_init
                0x00002314       0xa0 ./uart_config.o
                0x00002314                uart0_init
 .text.vUartRxTask
                0x000023b4       0x26 ./uart_rx_task.o
                0x000023b4                vUartRxTask
 .text.vUartTxTask
                0x000023da       0x30 ./uart_tx_task.o
                0x000023da                vUartTxTask
 *fill*         0x0000240a        0x2 
 .text.prvTaskExitError
                0x0000240c       0x30 ./portable/GCC/ARM_CM4F/port.o
 .text.prvPortStartFirstTask
                0x0000243c       0x20 ./portable/GCC/ARM_CM4F/port.o
 .text.vPortEnableVFP
                0x0000245c       0x14 ./portable/GCC/ARM_CM4F/port.o
 .text.vPortEnterCritical.part.0
                0x00002470       0x12 ./portable/GCC/ARM_CM4F/port.o
 *fill*         0x00002482        0x2 
 .text.pxPortInitialiseStack
                0x00002484       0x24 ./portable/GCC/ARM_CM4F/port.o
                0x00002484                pxPortInitialiseStack
 .text.vPortSVCHandler
                0x000024a8       0x20 ./portable/GCC/ARM_CM4F/port.o
                0x000024a8                vPortSVCHandler
 .text.vPortEnterCritical
                0x000024c8       0x34 ./portable/GCC/ARM_CM4F/port.o
                0x000024c8                vPortEnterCritical
 .text.vPortExitCritical
                0x000024fc       0x1c ./portable/GCC/ARM_CM4F/port.o
                0x000024fc                vPortExitCritical
 .text.xPortPendSVHandler
                0x00002518       0x60 ./portable/GCC/ARM_CM4F/port.o
                0x00002518                xPortPendSVHandler
 .text.xPortSysTickHandler
                0x00002578       0x30 ./portable/GCC/ARM_CM4F/port.o
                0x00002578                xPortSysTickHandler
 .text.vPortSuppressTicksAndSleep
                0x000025a8       0xf0 ./portable/GCC/ARM_CM4F/port.o
                0x000025a8                vPortSuppressTicksAndSleep
 .text.vPortSetupTimerInterrupt
                0x00002698       0x34 ./portable/GCC/ARM_CM4F/port.o
                0x00002698                vPortSetupTimerInterrupt
 .text.xPortStartScheduler
                0x000026cc       0xe4 ./portable/GCC/ARM_CM4F/port.o
                0x000026cc                xPortStartScheduler
 .text.vPortValidateInterruptPriority
                0x000027b0       0x5c ./portable/GCC/ARM_CM4F/port.o
                0x000027b0                vPortValidateInterruptPriority
 .text.pvPortMalloc
                0x0000280c       0xb4 ./portable/MemMang/heap_2.o
                0x0000280c                pvPortMalloc
 .text.vPortFree
                0x000028c0       0x40 ./portable/MemMang/heap_2.o
                0x000028c0                vPortFree
 .text.memset   0x00002900       0x9c C:/ARMGCC/bin/../lib/gcc/arm-none-eabi/14.2.1/thumb/v7e-m+fp/hard\libg.a(libc_a-memset.o)
                0x00002900                memset
 .text.__retarget_lock_acquire_recursive
                0x0000299c        0x4 C:/ARMGCC/bin/../lib/gcc/arm-none-eabi/14.2.1/thumb/v7e-m+fp/hard\libg.a(libc_a-lock.o)
                0x0000299c                __retarget_lock_acquire_recursive
 .text.__retarget_lock_release_recursive
                0x000029a0        0x4 C:/ARMGCC/bin/../lib/gcc/arm-none-eabi/14.2.1/thumb/v7e-m+fp/hard\libg.a(libc_a-lock.o)
                0x000029a0                __retarget_lock_release_recursive
 .text.startup.register_fini
                0x000029a4       0x14 C:/ARMGCC/bin/../lib/gcc/arm-none-eabi/14.2.1/thumb/v7e-m+fp/hard\libg.a(libc_a-__call_atexit.o)
 .text.atexit   0x000029b8        0xc C:/ARMGCC/bin/../lib/gcc/arm-none-eabi/14.2.1/thumb/v7e-m+fp/hard\libg.a(libc_a-atexit.o)
                0x000029b8                atexit
 .text.__libc_fini_array
                0x000029c4       0x28 C:/ARMGCC/bin/../lib/gcc/arm-none-eabi/14.2.1/thumb/v7e-m+fp/hard\libg.a(libc_a-fini.o)
                0x000029c4                __libc_fini_array
 .text.__register_exitproc
                0x000029ec       0x80 C:/ARMGCC/bin/../lib/gcc/arm-none-eabi/14.2.1/thumb/v7e-m+fp/hard\libg.a(libc_a-__atexit.o)
                0x000029ec                __register_exitproc
                0x00002a6c                        . = ALIGN (0x4)
 *(.ctors)
                0x00002a6c                        . = ALIGN (0x4)
 *(.dtors)
                0x00002a6c                        . = ALIGN (0x4)
                0x00002a6c                        __init_array_start = .
 *(.init_array*)
 .init_array    0x00002a6c        0x4 C:/ARMGCC/bin/../lib/gcc/arm-none-eabi/14.2.1/thumb/v7e-m+fp/hard/crtbegin.o
 .init_array.00000
                0x00002a70        0x4 C:/ARMGCC/bin/../lib/gcc/arm-none-eabi/14.2.1/thumb/v7e-m+fp/hard\libg.a(libc_a-__call_atexit.o)
                0x00002a74                        __init_array_end = .
 *(.init)
 .init          0x00002a74        0x4 C:/ARMGCC/bin/../lib/gcc/arm-none-eabi/14.2.1/thumb/v7e-m+fp/hard/crti.o
                0x00002a74                _init
 *(.fini*)
 .fini          0x00002a78        0x4 C:/ARMGCC/bin/../lib/gcc/arm-none-eabi/14.2.1/thumb/v7e-m+fp/hard/crti.o
                0x00002a78                _fini
                [!provide]                        PROVIDE (__etext = .)
                [!provide]                        PROVIDE (_etext = .)
                [!provide]                        PROVIDE (etext = .)

.glue_7         0x00002a7c        0x0
 .glue_7        0x00002a7c        0x0 linker stubs

.glue_7t        0x00002a7c        0x0
 .glue_7t       0x00002a7c        0x0 linker stubs

.vfp11_veneer   0x00002a7c        0x0
 .vfp11_veneer  0x00002a7c        0x0 linker stubs

.v4_bx          0x00002a7c        0x0
 .v4_bx         0x00002a7c        0x0 linker stubs

.iplt           0x00002a7c        0x0
 .iplt          0x00002a7c        0x0 C:/ARMGCC/bin/../lib/gcc/arm-none-eabi/14.2.1/thumb/v7e-m+fp/hard/crtbegin.o

.rodata         0x00002a7c      0x140
 *(.rodata)
 *(.rodata*)
 .rodata.vControllerTask.str1.1
                0x00002a7c      0x12a ./controller.o
                                 0x3c (size before relaxing)
 .rodata.getTaskStateString.str1.1
                0x00002ba6        0x8 ./debugger.o
 .rodata.vDebugTask.str1.1
                0x00002ba6       0x6a ./debugger.o
 .rodata.str1.1
                0x00002ba6       0x28 ./debugger.o
 *fill*         0x00002ba6        0x2 
 .rodata.CSWTCH.2
                0x00002ba8       0x14 ./debugger.o
 .rodata.main.str1.1
                0x00002bbc       0x43 ./main.o
 .rodata.gprint.str1.1
                0x00002bbc        0x4 ./str_debugger.o
 .rodata.vTaskStartScheduler.str1.1
                0x00002bbc        0x5 ./tasks.o
 .rodata.xTimerCreateTimerTask.str1.1
                0x00002bbc        0x8 ./timers.o

.eh_frame       0x00002bbc        0x0
 .eh_frame      0x00002bbc        0x0 C:/ARMGCC/bin/../lib/gcc/arm-none-eabi/14.2.1/thumb/v7e-m+fp/hard/crtbegin.o

.data           0x20000000       0x10 load address 0x00002bbc
                0x00002bbc                        __data_load__ = LOADADDR (.data)
                0x20000000                        __data_start__ = .
 *(.data)
 *(.data*)
 .data.colors   0x20000000        0x4 ./led_state.o
                0x20000000                colors
 .data.uxCriticalNesting
                0x20000004        0x4 ./portable/GCC/ARM_CM4F/port.o
 .data.xFreeBytesRemaining
                0x20000008        0x4 ./portable/MemMang/heap_2.o
 .data.__atexit_recursive_mutex
                0x2000000c        0x4 C:/ARMGCC/bin/../lib/gcc/arm-none-eabi/14.2.1/thumb/v7e-m+fp/hard\libg.a(libc_a-__call_atexit.o)
                0x2000000c                __atexit_recursive_mutex
                0x20000010                        . = ALIGN (0x4)
                0x20000010                        __data_end__ = .

.tm_clone_table
                0x20000010        0x0 load address 0x00002bcc
 .tm_clone_table
                0x20000010        0x0 C:/ARMGCC/bin/../lib/gcc/arm-none-eabi/14.2.1/thumb/v7e-m+fp/hard/crtbegin.o
 .tm_clone_table
                0x20000010        0x0 C:/ARMGCC/bin/../lib/gcc/arm-none-eabi/14.2.1/thumb/v7e-m+fp/hard/crtend.o

.igot.plt       0x20000010        0x0 load address 0x00002bcc
 .igot.plt      0x20000010        0x0 C:/ARMGCC/bin/../lib/gcc/arm-none-eabi/14.2.1/thumb/v7e-m+fp/hard/crtbegin.o

.ARM.exidx      0x00002bcc        0x8
                0x00002bcc                        __exidx_start = .
 *(.ARM.exidx* .gnu.linkonce.armexidx.*)
 .ARM.exidx     0x00002bcc        0x8 C:/ARMGCC/bin/../lib/gcc/arm-none-eabi/14.2.1/thumb/v7e-m+fp/hard\libg.a(libc_a-memcpy.o)
 .ARM.exidx     0x00002bd4        0x0 C:/ARMGCC/bin/../lib/gcc/arm-none-eabi/14.2.1/thumb/v7e-m+fp/hard\libg.a(libc_a-strlen.o)
                                  0x8 (size before relaxing)
                0x00002bd4                        __exidx_end = .

.rel.dyn        0x00002bd4        0x0
 .rel.iplt      0x00002bd4        0x0 C:/ARMGCC/bin/../lib/gcc/arm-none-eabi/14.2.1/thumb/v7e-m+fp/hard/crtbegin.o

.ARM.extab
 *(.ARM.extab* .gnu.linkonce.armextab.*)

.bss            0x20000010     0x2df4
                0x20000010                        __bss_start__ = .
 *(.shbss)
 *(.bss)
 *(.bss.*)
 .bss.object.0  0x20000010       0x18 C:/ARMGCC/bin/../lib/gcc/arm-none-eabi/14.2.1/thumb/v7e-m+fp/hard/crtbegin.o
 .bss.Controller
                0x20000028       0x10 ./controller.o
                0x20000028                Controller
 .bss.ref       0x20000038        0x1 ./controller.o
                0x20000038                ref
 *fill*         0x20000039        0x3 
 .bss.xUartTxQueue
                0x2000003c        0x4 ./controller.o
                0x2000003c                xUartTxQueue
 .bss.xUartRxQueue
                0x20000040        0x4 ./controller.o
                0x20000040                xUartRxQueue
 .bss.pof       0x20000044       0x40 ./file.o
                0x20000044                pof
 .bss.LED_State
                0x20000084        0x1 ./led_state.o
                0x20000084                LED_State
 *fill*         0x20000085        0x3 
 .bss.vDebugTaskHandle
                0x20000088        0x4 ./main.o
                0x20000088                vDebugTaskHandle
 .bss.vUartTxTaskHandle
                0x2000008c        0x4 ./main.o
                0x2000008c                vUartTxTaskHandle
 .bss.vUartRxTaskHandle
                0x20000090        0x4 ./main.o
                0x20000090                vUartRxTaskHandle
 .bss.vSwitchTaskHandle
                0x20000094        0x4 ./main.o
                0x20000094                vSwitchTaskHandle
 .bss.vLedTaskHandle
                0x20000098        0x4 ./main.o
                0x20000098                vLedTaskHandle
 .bss.vControllerTaskHandle
                0x2000009c        0x4 ./main.o
                0x2000009c                vControllerTaskHandle
 .bss.msg_event
                0x200000a0       0x40 ./messages.o
                0x200000a0                msg_event
 .bss.button_state
                0x200000e0        0x1 ./sw_task.o
                0x200000e0                button_state
 *fill*         0x200000e1        0x1 
 .bss.POT       0x200000e2       0x20 ./swtimers.o
                0x200000e2                POT
 *fill*         0x20000102        0x2 
 .bss.g_ulRunTimeCounter
                0x20000104        0x4 ./systick.o
                0x20000104                g_ulRunTimeCounter
 .bss.ulTaskSwitchedInTime
                0x20000108        0x4 ./tasks.o
 .bss.uxSchedulerSuspended
                0x2000010c        0x4 ./tasks.o
 .bss.xNextTaskUnblockTime
                0x20000110        0x4 ./tasks.o
 .bss.uxTaskNumber
                0x20000114        0x4 ./tasks.o
 .bss.xNumOfOverflows
                0x20000118        0x4 ./tasks.o
 .bss.xYieldPending
                0x2000011c        0x4 ./tasks.o
 .bss.uxPendedTicks
                0x20000120        0x4 ./tasks.o
 .bss.xSchedulerRunning
                0x20000124        0x4 ./tasks.o
 .bss.uxTopReadyPriority
                0x20000128        0x4 ./tasks.o
 .bss.xTickCount
                0x2000012c        0x4 ./tasks.o
 .bss.uxCurrentNumberOfTasks
                0x20000130        0x4 ./tasks.o
 .bss.xSuspendedTaskList
                0x20000134       0x14 ./tasks.o
 .bss.uxTasksDeleted
                0x20000148        0x4 ./tasks.o
 .bss.xTasksWaitingTermination
                0x2000014c       0x14 ./tasks.o
 .bss.xPendingReadyList
                0x20000160       0x14 ./tasks.o
 .bss.pxOverflowDelayedTaskList
                0x20000174        0x4 ./tasks.o
 .bss.pxDelayedTaskList
                0x20000178        0x4 ./tasks.o
 .bss.xDelayedTaskList2
                0x2000017c       0x14 ./tasks.o
 .bss.xDelayedTaskList1
                0x20000190       0x14 ./tasks.o
 .bss.pxReadyTasksLists
                0x200001a4       0x64 ./tasks.o
 .bss.pxCurrentTCB
                0x20000208        0x4 ./tasks.o
                0x20000208                pxCurrentTCB
 .bss.xLastTime.0
                0x2000020c        0x4 ./timers.o
 .bss.xTimerQueue
                0x20000210        0x4 ./timers.o
 .bss.pxOverflowTimerList
                0x20000214        0x4 ./timers.o
 .bss.pxCurrentTimerList
                0x20000218        0x4 ./timers.o
 .bss.xActiveTimerList2
                0x2000021c       0x14 ./timers.o
 .bss.xActiveTimerList1
                0x20000230       0x14 ./timers.o
 .bss.pui32Stack
                0x20000244      0x200 ./tm4c123gh6pm_startup_ccs_gcc.o
 .bss.ulMaxPRIGROUPValue
                0x20000444        0x4 ./portable/GCC/ARM_CM4F/port.o
 .bss.ucMaxSysCallPriority
                0x20000448        0x1 ./portable/GCC/ARM_CM4F/port.o
 *fill*         0x20000449        0x3 
 .bss.ulStoppedTimerCompensation
                0x2000044c        0x4 ./portable/GCC/ARM_CM4F/port.o
 .bss.xMaximumPossibleSuppressedTicks
                0x20000450        0x4 ./portable/GCC/ARM_CM4F/port.o
 .bss.ulTimerCountsForOneTick
                0x20000454        0x4 ./portable/GCC/ARM_CM4F/port.o
 .bss.xHeapHasBeenInitialised.0
                0x20000458        0x4 ./portable/MemMang/heap_2.o
 .bss.xEnd      0x2000045c        0x8 ./portable/MemMang/heap_2.o
 .bss.xStart    0x20000464        0x8 ./portable/MemMang/heap_2.o
 .bss.ucHeap    0x2000046c     0x2800 ./portable/MemMang/heap_2.o
 .bss.__lock___atexit_recursive_mutex
                0x20002c6c        0x1 C:/ARMGCC/bin/../lib/gcc/arm-none-eabi/14.2.1/thumb/v7e-m+fp/hard\libg.a(libc_a-lock.o)
                0x20002c6c                __lock___atexit_recursive_mutex
 *fill*         0x20002c6d        0x3 
 .bss.__atexit  0x20002c70        0x4 C:/ARMGCC/bin/../lib/gcc/arm-none-eabi/14.2.1/thumb/v7e-m+fp/hard\libg.a(libc_a-__call_atexit.o)
                0x20002c70                __atexit
 .bss.__atexit0
                0x20002c74      0x190 C:/ARMGCC/bin/../lib/gcc/arm-none-eabi/14.2.1/thumb/v7e-m+fp/hard\libg.a(libc_a-__atexit.o)
                0x20002c74                __atexit0
 *(COMMON)
                0x20002e04                        . = ALIGN (0x4)
                0x20002e04                        __bss_end__ = .

.heap           0x20002e04        0x0
                0x20002e04                        __heap_start__ = .
                0x20002e04                        end = __heap_start__
                0x20002e04                        _end = end
                0x20002e04                        __end = end
 *(.heap)
                0x20002e04                        __heap_end__ = .
                0x20002e04                        __HeapLimit = __heap_end__

.stack          0x20002e08        0x0
                0x20002e08                        _stack = .
                0x20002e08                        __stack = .
 *(.stack)
LOAD C:/ti/tivaware_SW-EK-TM4C123GXL-2.1.4.178.exe/driverlib/gcc/libdriver.a
START GROUP
LOAD C:/ARMGCC/bin/../lib/gcc/arm-none-eabi/14.2.1/thumb/v7e-m+fp/hard\libgcc.a
LOAD C:/ARMGCC/bin/../lib/gcc/arm-none-eabi/14.2.1/thumb/v7e-m+fp/hard\libg.a
LOAD C:/ARMGCC/bin/../lib/gcc/arm-none-eabi/14.2.1/thumb/v7e-m+fp/hard\libc.a
END GROUP
START GROUP
LOAD C:/ARMGCC/bin/../lib/gcc/arm-none-eabi/14.2.1/thumb/v7e-m+fp/hard\libgcc.a
LOAD C:/ARMGCC/bin/../lib/gcc/arm-none-eabi/14.2.1/thumb/v7e-m+fp/hard\libc.a
LOAD C:/ARMGCC/bin/../lib/gcc/arm-none-eabi/14.2.1/thumb/v7e-m+fp/hard\libnosys.a
END GROUP
LOAD C:/ARMGCC/bin/../lib/gcc/arm-none-eabi/14.2.1/thumb/v7e-m+fp/hard/crtend.o
LOAD C:/ARMGCC/bin/../lib/gcc/arm-none-eabi/14.2.1/thumb/v7e-m+fp/hard/crtn.o
OUTPUT(rb_2.out elf32-littlearm)
LOAD linker stubs

.ARM.attributes
                0x00000000       0x30
 .ARM.attributes
                0x00000000       0x22 C:/ARMGCC/bin/../lib/gcc/arm-none-eabi/14.2.1/thumb/v7e-m+fp/hard/crti.o
 .ARM.attributes
                0x00000022       0x34 C:/ARMGCC/bin/../lib/gcc/arm-none-eabi/14.2.1/thumb/v7e-m+fp/hard/crtbegin.o
 .ARM.attributes
                0x00000056       0x34 ./controller.o
 .ARM.attributes
                0x0000008a       0x34 ./debugger.o
 .ARM.attributes
                0x000000be       0x34 ./file.o
 .ARM.attributes
                0x000000f2       0x34 ./gpio.o
 .ARM.attributes
                0x00000126       0x34 ./led_state.o
 .ARM.attributes
                0x0000015a       0x34 ./led_task.o
 .ARM.attributes
                0x0000018e       0x34 ./list.o
 .ARM.attributes
                0x000001c2       0x34 ./main.o
 .ARM.attributes
                0x000001f6       0x34 ./messages.o
 .ARM.attributes
                0x0000022a       0x34 ./queue.o
 .ARM.attributes
                0x0000025e       0x34 ./str_debugger.o
 .ARM.attributes
                0x00000292       0x34 ./sw_task.o
 .ARM.attributes
                0x000002c6       0x34 ./swtimers.o
 .ARM.attributes
                0x000002fa       0x34 ./systick.o
 .ARM.attributes
                0x0000032e       0x34 ./tasks.o
 .ARM.attributes
                0x00000362       0x34 ./timers.o
 .ARM.attributes
                0x00000396       0x34 ./tm4c123gh6pm_startup_ccs_gcc.o
 .ARM.attributes
                0x000003ca       0x34 ./uart_config.o
 .ARM.attributes
                0x000003fe       0x34 ./uart_rx_task.o
 .ARM.attributes
                0x00000432       0x34 ./uart_tx_task.o
 .ARM.attributes
                0x00000466       0x34 ./portable/GCC/ARM_CM4F/port.o
 .ARM.attributes
                0x0000049a       0x34 ./portable/MemMang/heap_2.o
 .ARM.attributes
                0x000004ce       0x34 C:/ARMGCC/bin/../lib/gcc/arm-none-eabi/14.2.1/thumb/v7e-m+fp/hard\libg.a(libc_a-memset.o)
 .ARM.attributes
                0x00000502       0x34 C:/ARMGCC/bin/../lib/gcc/arm-none-eabi/14.2.1/thumb/v7e-m+fp/hard\libg.a(libc_a-lock.o)
 .ARM.attributes
                0x00000536       0x20 C:/ARMGCC/bin/../lib/gcc/arm-none-eabi/14.2.1/thumb/v7e-m+fp/hard\libg.a(libc_a-memcpy.o)
 .ARM.attributes
                0x00000556       0x1c C:/ARMGCC/bin/../lib/gcc/arm-none-eabi/14.2.1/thumb/v7e-m+fp/hard\libg.a(libc_a-strlen.o)
 .ARM.attributes
                0x00000572       0x34 C:/ARMGCC/bin/../lib/gcc/arm-none-eabi/14.2.1/thumb/v7e-m+fp/hard\libg.a(libc_a-__call_atexit.o)
 .ARM.attributes
                0x000005a6       0x34 C:/ARMGCC/bin/../lib/gcc/arm-none-eabi/14.2.1/thumb/v7e-m+fp/hard\libg.a(libc_a-atexit.o)
 .ARM.attributes
                0x000005da       0x34 C:/ARMGCC/bin/../lib/gcc/arm-none-eabi/14.2.1/thumb/v7e-m+fp/hard\libg.a(libc_a-fini.o)
 .ARM.attributes
                0x0000060e       0x34 C:/ARMGCC/bin/../lib/gcc/arm-none-eabi/14.2.1/thumb/v7e-m+fp/hard\libg.a(libc_a-__atexit.o)
 .ARM.attributes
                0x00000642       0x34 C:/ARMGCC/bin/../lib/gcc/arm-none-eabi/14.2.1/thumb/v7e-m+fp/hard/crtend.o

.comment        0x00000000       0x45
 .comment       0x00000000       0x45 ./controller.o
                                 0x46 (size before relaxing)
 .comment       0x00000045       0x46 ./debugger.o
 .comment       0x00000045       0x46 ./file.o
 .comment       0x00000045       0x46 ./gpio.o
 .comment       0x00000045       0x46 ./led_state.o
 .comment       0x00000045       0x46 ./led_task.o
 .comment       0x00000045       0x46 ./list.o
 .comment       0x00000045       0x46 ./main.o
 .comment       0x00000045       0x46 ./messages.o
 .comment       0x00000045       0x46 ./queue.o
 .comment       0x00000045       0x46 ./str_debugger.o
 .comment       0x00000045       0x46 ./sw_task.o
 .comment       0x00000045       0x46 ./swtimers.o
 .comment       0x00000045       0x46 ./systick.o
 .comment       0x00000045       0x46 ./tasks.o
 .comment       0x00000045       0x46 ./timers.o
 .comment       0x00000045       0x46 ./tm4c123gh6pm_startup_ccs_gcc.o
 .comment       0x00000045       0x46 ./uart_config.o
 .comment       0x00000045       0x46 ./uart_rx_task.o
 .comment       0x00000045       0x46 ./uart_tx_task.o
 .comment       0x00000045       0x46 ./portable/GCC/ARM_CM4F/port.o
 .comment       0x00000045       0x46 ./portable/MemMang/heap_2.o

.debug_info     0x00000000     0x73b3
 .debug_info    0x00000000      0x213 ./controller.o
 .debug_info    0x00000213      0x2af ./debugger.o
 .debug_info    0x000004c2      0x21c ./file.o
 .debug_info    0x000006de       0xb3 ./gpio.o
 .debug_info    0x00000791      0x103 ./led_state.o
 .debug_info    0x00000894      0x191 ./led_task.o
 .debug_info    0x00000a25      0x2c7 ./list.o
 .debug_info    0x00000cec      0x465 ./main.o
 .debug_info    0x00001151      0x18d ./messages.o
 .debug_info    0x000012de     0x1389 ./queue.o
 .debug_info    0x00002667      0x4d2 ./str_debugger.o
 .debug_info    0x00002b39      0x218 ./sw_task.o
 .debug_info    0x00002d51      0x1b2 ./swtimers.o
 .debug_info    0x00002f03      0x120 ./systick.o
 .debug_info    0x00003023     0x22b6 ./tasks.o
 .debug_info    0x000052d9      0xf65 ./timers.o
 .debug_info    0x0000623e      0x1b3 ./tm4c123gh6pm_startup_ccs_gcc.o
 .debug_info    0x000063f1      0x2cd ./uart_config.o
 .debug_info    0x000066be      0x1d1 ./uart_rx_task.o
 .debug_info    0x0000688f      0x1cb ./uart_tx_task.o
 .debug_info    0x00006a5a      0x61c ./portable/GCC/ARM_CM4F/port.o
 .debug_info    0x00007076      0x33d ./portable/MemMang/heap_2.o

.debug_abbrev   0x00000000     0x2127
 .debug_abbrev  0x00000000      0x13d ./controller.o
 .debug_abbrev  0x0000013d      0x168 ./debugger.o
 .debug_abbrev  0x000002a5      0x15d ./file.o
 .debug_abbrev  0x00000402       0x5f ./gpio.o
 .debug_abbrev  0x00000461       0x9c ./led_state.o
 .debug_abbrev  0x000004fd       0xf6 ./led_task.o
 .debug_abbrev  0x000005f3      0x101 ./list.o
 .debug_abbrev  0x000006f4      0x173 ./main.o
 .debug_abbrev  0x00000867       0xde ./messages.o
 .debug_abbrev  0x00000945      0x311 ./queue.o
 .debug_abbrev  0x00000c56      0x19c ./str_debugger.o
 .debug_abbrev  0x00000df2      0x12f ./sw_task.o
 .debug_abbrev  0x00000f21      0x11c ./swtimers.o
 .debug_abbrev  0x0000103d       0x9f ./systick.o
 .debug_abbrev  0x000010dc      0x450 ./tasks.o
 .debug_abbrev  0x0000152c      0x33c ./timers.o
 .debug_abbrev  0x00001868      0x100 ./tm4c123gh6pm_startup_ccs_gcc.o
 .debug_abbrev  0x00001968      0x14b ./uart_config.o
 .debug_abbrev  0x00001ab3       0xfd ./uart_rx_task.o
 .debug_abbrev  0x00001bb0       0xf3 ./uart_tx_task.o
 .debug_abbrev  0x00001ca3      0x2a0 ./portable/GCC/ARM_CM4F/port.o
 .debug_abbrev  0x00001f43      0x1e4 ./portable/MemMang/heap_2.o

.debug_loc      0x00000000     0x2b51
 .debug_loc     0x00000000       0x5a ./controller.o
 .debug_loc     0x0000005a       0x57 ./debugger.o
 .debug_loc     0x000000b1       0x8b ./file.o
 .debug_loc     0x0000013c       0x13 ./led_task.o
 .debug_loc     0x0000014f       0x67 ./list.o
 .debug_loc     0x000001b6       0x78 ./messages.o
 .debug_loc     0x0000022e      0x913 ./queue.o
 .debug_loc     0x00000b41      0x4e1 ./str_debugger.o
 .debug_loc     0x00001022       0x7b ./sw_task.o
 .debug_loc     0x0000109d       0x39 ./swtimers.o
 .debug_loc     0x000010d6     0x110d ./tasks.o
 .debug_loc     0x000021e3      0x54a ./timers.o
 .debug_loc     0x0000272d       0x3c ./tm4c123gh6pm_startup_ccs_gcc.o
 .debug_loc     0x00002769      0x117 ./uart_config.o
 .debug_loc     0x00002880       0x1e ./uart_rx_task.o
 .debug_loc     0x0000289e       0x1e ./uart_tx_task.o
 .debug_loc     0x000028bc      0x10b ./portable/GCC/ARM_CM4F/port.o
 .debug_loc     0x000029c7      0x18a ./portable/MemMang/heap_2.o

.debug_aranges  0x00000000      0x738
 .debug_aranges
                0x00000000       0x20 ./controller.o
 .debug_aranges
                0x00000020       0x28 ./debugger.o
 .debug_aranges
                0x00000048       0x30 ./file.o
 .debug_aranges
                0x00000078       0x20 ./gpio.o
 .debug_aranges
                0x00000098       0x20 ./led_state.o
 .debug_aranges
                0x000000b8       0x20 ./led_task.o
 .debug_aranges
                0x000000d8       0x40 ./list.o
 .debug_aranges
                0x00000118       0x20 ./main.o
 .debug_aranges
                0x00000138       0x38 ./messages.o
 .debug_aranges
                0x00000170       0xe0 ./queue.o
 .debug_aranges
                0x00000250       0x60 ./str_debugger.o
 .debug_aranges
                0x000002b0       0x30 ./sw_task.o
 .debug_aranges
                0x000002e0       0x38 ./swtimers.o
 .debug_aranges
                0x00000318       0x30 ./systick.o
 .debug_aranges
                0x00000348      0x1b8 ./tasks.o
 .debug_aranges
                0x00000500       0x80 ./timers.o
 .debug_aranges
                0x00000580       0x38 ./tm4c123gh6pm_startup_ccs_gcc.o
 .debug_aranges
                0x000005b8       0x78 ./uart_config.o
 .debug_aranges
                0x00000630       0x20 ./uart_rx_task.o
 .debug_aranges
                0x00000650       0x20 ./uart_tx_task.o
 .debug_aranges
                0x00000670       0x90 ./portable/GCC/ARM_CM4F/port.o
 .debug_aranges
                0x00000700       0x38 ./portable/MemMang/heap_2.o

.debug_ranges   0x00000000      0x998
 .debug_ranges  0x00000000       0x28 ./controller.o
 .debug_ranges  0x00000028       0x48 ./debugger.o
 .debug_ranges  0x00000070       0x20 ./file.o
 .debug_ranges  0x00000090       0x10 ./gpio.o
 .debug_ranges  0x000000a0       0x10 ./led_state.o
 .debug_ranges  0x000000b0       0x10 ./led_task.o
 .debug_ranges  0x000000c0       0x30 ./list.o
 .debug_ranges  0x000000f0       0x40 ./main.o
 .debug_ranges  0x00000130       0x28 ./messages.o
 .debug_ranges  0x00000158      0x130 ./queue.o
 .debug_ranges  0x00000288       0x50 ./str_debugger.o
 .debug_ranges  0x000002d8       0x40 ./sw_task.o
 .debug_ranges  0x00000318       0x28 ./swtimers.o
 .debug_ranges  0x00000340       0x20 ./systick.o
 .debug_ranges  0x00000360      0x340 ./tasks.o
 .debug_ranges  0x000006a0      0x118 ./timers.o
 .debug_ranges  0x000007b8       0x28 ./tm4c123gh6pm_startup_ccs_gcc.o
 .debug_ranges  0x000007e0       0x88 ./uart_config.o
 .debug_ranges  0x00000868       0x10 ./uart_rx_task.o
 .debug_ranges  0x00000878       0x10 ./uart_tx_task.o
 .debug_ranges  0x00000888       0xe8 ./portable/GCC/ARM_CM4F/port.o
 .debug_ranges  0x00000970       0x28 ./portable/MemMang/heap_2.o

.debug_line     0x00000000     0x5e9f
 .debug_line    0x00000000      0x178 ./controller.o
 .debug_line    0x00000178      0x16a ./debugger.o
 .debug_line    0x000002e2      0x10d ./file.o
 .debug_line    0x000003ef      0x10e ./gpio.o
 .debug_line    0x000004fd      0x109 ./led_state.o
 .debug_line    0x00000606      0x1a9 ./led_task.o
 .debug_line    0x000007af      0x274 ./list.o
 .debug_line    0x00000a23      0x23f ./main.o
 .debug_line    0x00000c62      0x10f ./messages.o
 .debug_line    0x00000d71      0xfb3 ./queue.o
 .debug_line    0x00001d24      0x434 ./str_debugger.o
 .debug_line    0x00002158      0x27c ./sw_task.o
 .debug_line    0x000023d4      0x129 ./swtimers.o
 .debug_line    0x000024fd      0x15a ./systick.o
 .debug_line    0x00002657     0x200a ./tasks.o
 .debug_line    0x00004661      0x85c ./timers.o
 .debug_line    0x00004ebd      0x13a ./tm4c123gh6pm_startup_ccs_gcc.o
 .debug_line    0x00004ff7      0x2f3 ./uart_config.o
 .debug_line    0x000052ea      0x15a ./uart_rx_task.o
 .debug_line    0x00005444      0x15a ./uart_tx_task.o
 .debug_line    0x0000559e      0x626 ./portable/GCC/ARM_CM4F/port.o
 .debug_line    0x00005bc4      0x2db ./portable/MemMang/heap_2.o

.debug_str      0x00000000     0x2283
 .debug_str     0x00000000     0x2283 ./controller.o
                                0x250 (size before relaxing)
 .debug_str     0x00002283      0x302 ./debugger.o
 .debug_str     0x00002283      0x1dd ./file.o
 .debug_str     0x00002283      0x196 ./gpio.o
 .debug_str     0x00002283      0x1c2 ./led_state.o
 .debug_str     0x00002283      0x22d ./led_task.o
 .debug_str     0x00002283      0x2c9 ./list.o
 .debug_str     0x00002283      0x410 ./main.o
 .debug_str     0x00002283      0x1db ./messages.o
 .debug_str     0x00002283      0x915 ./queue.o
 .debug_str     0x00002283      0x259 ./str_debugger.o
 .debug_str     0x00002283      0x265 ./sw_task.o
 .debug_str     0x00002283      0x1ed ./swtimers.o
 .debug_str     0x00002283      0x1fb ./systick.o
 .debug_str     0x00002283     0x11a7 ./tasks.o
 .debug_str     0x00002283      0x930 ./timers.o
 .debug_str     0x00002283      0x24c ./tm4c123gh6pm_startup_ccs_gcc.o
 .debug_str     0x00002283      0x298 ./uart_config.o
 .debug_str     0x00002283      0x24b ./uart_rx_task.o
 .debug_str     0x00002283      0x24e ./uart_tx_task.o
 .debug_str     0x00002283      0x5b1 ./portable/GCC/ARM_CM4F/port.o
 .debug_str     0x00002283      0x333 ./portable/MemMang/heap_2.o

.debug_frame    0x00000000     0x13f4
 .debug_frame   0x00000000       0x2c ./controller.o
 .debug_frame   0x0000002c       0x44 ./debugger.o
 .debug_frame   0x00000070       0x40 ./file.o
 .debug_frame   0x000000b0       0x2c ./gpio.o
 .debug_frame   0x000000dc       0x20 ./led_state.o
 .debug_frame   0x000000fc       0x2c ./led_task.o
 .debug_frame   0x00000128       0x6c ./list.o
 .debug_frame   0x00000194       0x28 ./main.o
 .debug_frame   0x000001bc       0x50 ./messages.o
 .debug_frame   0x0000020c      0x2ac ./queue.o
 .debug_frame   0x000004b8      0x160 ./str_debugger.o
 .debug_frame   0x00000618       0x54 ./sw_task.o
 .debug_frame   0x0000066c       0x5c ./swtimers.o
 .debug_frame   0x000006c8       0x48 ./systick.o
 .debug_frame   0x00000710      0x5f8 ./tasks.o
 .debug_frame   0x00000d08      0x198 ./timers.o
 .debug_frame   0x00000ea0       0x50 ./tm4c123gh6pm_startup_ccs_gcc.o
 .debug_frame   0x00000ef0       0xec ./uart_config.o
 .debug_frame   0x00000fdc       0x28 ./uart_rx_task.o
 .debug_frame   0x00001004       0x28 ./uart_tx_task.o
 .debug_frame   0x0000102c      0x13c ./portable/GCC/ARM_CM4F/port.o
 .debug_frame   0x00001168       0x74 ./portable/MemMang/heap_2.o
 .debug_frame   0x000011dc       0x2c C:/ARMGCC/bin/../lib/gcc/arm-none-eabi/14.2.1/thumb/v7e-m+fp/hard\libg.a(libc_a-memset.o)
 .debug_frame   0x00001208       0xb0 C:/ARMGCC/bin/../lib/gcc/arm-none-eabi/14.2.1/thumb/v7e-m+fp/hard\libg.a(libc_a-lock.o)
 .debug_frame   0x000012b8       0x28 C:/ARMGCC/bin/../lib/gcc/arm-none-eabi/14.2.1/thumb/v7e-m+fp/hard\libg.a(libc_a-memcpy.o)
 .debug_frame   0x000012e0       0x30 C:/ARMGCC/bin/../lib/gcc/arm-none-eabi/14.2.1/thumb/v7e-m+fp/hard\libg.a(libc_a-strlen.o)
 .debug_frame   0x00001310       0x5c C:/ARMGCC/bin/../lib/gcc/arm-none-eabi/14.2.1/thumb/v7e-m+fp/hard\libg.a(libc_a-__call_atexit.o)
 .debug_frame   0x0000136c       0x20 C:/ARMGCC/bin/../lib/gcc/arm-none-eabi/14.2.1/thumb/v7e-m+fp/hard\libg.a(libc_a-atexit.o)
 .debug_frame   0x0000138c       0x34 C:/ARMGCC/bin/../lib/gcc/arm-none-eabi/14.2.1/thumb/v7e-m+fp/hard\libg.a(libc_a-fini.o)
 .debug_frame   0x000013c0       0x34 C:/ARMGCC/bin/../lib/gcc/arm-none-eabi/14.2.1/thumb/v7e-m+fp/hard\libg.a(libc_a-__atexit.o)

.debug_line_str
                0x00000000       0xf2
 .debug_line_str
                0x00000000       0xf2 C:/ARMGCC/bin/../lib/gcc/arm-none-eabi/14.2.1/thumb/v7e-m+fp/hard\libg.a(libc_a-memcpy.o)
                                 0xe3 (size before relaxing)
 .debug_line_str
                0x000000f2       0xe2 C:/ARMGCC/bin/../lib/gcc/arm-none-eabi/14.2.1/thumb/v7e-m+fp/hard\libg.a(libc_a-strlen.o)
