Archive member included to satisfy reference by file (symbol)

C:/ti/tivaware_SW-EK-TM4C123GXL-2.1.4.178.exe/driverlib/gcc/libdriver.a(sysctl.o)
                              ./drivers/rgb.o (SysCtlClockGet)
C:/ti/tivaware_SW-EK-TM4C123GXL-2.1.4.178.exe/driverlib/gcc/libdriver.a(cpu.o)
                              C:/ti/tivaware_SW-EK-TM4C123GXL-2.1.4.178.exe/driverlib/gcc/libdriver.a(sysctl.o) (CPUwfi)
C:/ti/tivaware_SW-EK-TM4C123GXL-2.1.4.178.exe/driverlib/gcc/libdriver.a(interrupt.o)
                              C:/ti/tivaware_SW-EK-TM4C123GXL-2.1.4.178.exe/driverlib/gcc/libdriver.a(sysctl.o) (IntRegister)
C:/ARMGCC/bin/../lib/gcc/arm-none-eabi/14.2.1/thumb/v7e-m+fp/hard\libgcc.a(_fixunssfdi.o)
                              ./drivers/rgb.o (__aeabi_f2ulz)
C:/ARMGCC/bin/../lib/gcc/arm-none-eabi/14.2.1/thumb/v7e-m+fp/hard\libgcc.a(_arm_muldf3.o)
                              C:/ARMGCC/bin/../lib/gcc/arm-none-eabi/14.2.1/thumb/v7e-m+fp/hard\libgcc.a(_fixunssfdi.o) (__aeabi_dmul)
C:/ARMGCC/bin/../lib/gcc/arm-none-eabi/14.2.1/thumb/v7e-m+fp/hard\libgcc.a(_arm_addsubdf3.o)
                              C:/ARMGCC/bin/../lib/gcc/arm-none-eabi/14.2.1/thumb/v7e-m+fp/hard\libgcc.a(_fixunssfdi.o) (__aeabi_dsub)
C:/ARMGCC/bin/../lib/gcc/arm-none-eabi/14.2.1/thumb/v7e-m+fp/hard\libgcc.a(_arm_fixunsdfsi.o)
                              C:/ARMGCC/bin/../lib/gcc/arm-none-eabi/14.2.1/thumb/v7e-m+fp/hard\libgcc.a(_fixunssfdi.o) (__aeabi_d2uiz)
C:/ARMGCC/bin/../lib/gcc/arm-none-eabi/14.2.1/thumb/v7e-m+fp/hard\libg.a(libc_a-exit.o)
                              C:/ARMGCC/bin/../lib/gcc/arm-none-eabi/14.2.1/thumb/v7e-m+fp/hard/crt0.o (exit)
C:/ARMGCC/bin/../lib/gcc/arm-none-eabi/14.2.1/thumb/v7e-m+fp/hard\libg.a(libc_a-findfp.o)
                              C:/ARMGCC/bin/../lib/gcc/arm-none-eabi/14.2.1/thumb/v7e-m+fp/hard\libg.a(libc_a-exit.o) (__stdio_exit_handler)
C:/ARMGCC/bin/../lib/gcc/arm-none-eabi/14.2.1/thumb/v7e-m+fp/hard\libg.a(libc_a-fwalk.o)
                              C:/ARMGCC/bin/../lib/gcc/arm-none-eabi/14.2.1/thumb/v7e-m+fp/hard\libg.a(libc_a-findfp.o) (_fwalk_sglue)
C:/ARMGCC/bin/../lib/gcc/arm-none-eabi/14.2.1/thumb/v7e-m+fp/hard\libg.a(libc_a-stdio.o)
                              C:/ARMGCC/bin/../lib/gcc/arm-none-eabi/14.2.1/thumb/v7e-m+fp/hard\libg.a(libc_a-findfp.o) (__sread)
C:/ARMGCC/bin/../lib/gcc/arm-none-eabi/14.2.1/thumb/v7e-m+fp/hard\libg.a(libc_a-memset.o)
                              C:/ARMGCC/bin/../lib/gcc/arm-none-eabi/14.2.1/thumb/v7e-m+fp/hard/crt0.o (memset)
C:/ARMGCC/bin/../lib/gcc/arm-none-eabi/14.2.1/thumb/v7e-m+fp/hard\libg.a(libc_a-closer.o)
                              C:/ARMGCC/bin/../lib/gcc/arm-none-eabi/14.2.1/thumb/v7e-m+fp/hard\libg.a(libc_a-stdio.o) (_close_r)
C:/ARMGCC/bin/../lib/gcc/arm-none-eabi/14.2.1/thumb/v7e-m+fp/hard\libg.a(libc_a-reent.o)
                              C:/ARMGCC/bin/../lib/gcc/arm-none-eabi/14.2.1/thumb/v7e-m+fp/hard\libg.a(libc_a-closer.o) (errno)
C:/ARMGCC/bin/../lib/gcc/arm-none-eabi/14.2.1/thumb/v7e-m+fp/hard\libg.a(libc_a-impure.o)
                              C:/ARMGCC/bin/../lib/gcc/arm-none-eabi/14.2.1/thumb/v7e-m+fp/hard\libg.a(libc_a-reent.o) (_impure_ptr)
C:/ARMGCC/bin/../lib/gcc/arm-none-eabi/14.2.1/thumb/v7e-m+fp/hard\libg.a(libc_a-lseekr.o)
                              C:/ARMGCC/bin/../lib/gcc/arm-none-eabi/14.2.1/thumb/v7e-m+fp/hard\libg.a(libc_a-stdio.o) (_lseek_r)
C:/ARMGCC/bin/../lib/gcc/arm-none-eabi/14.2.1/thumb/v7e-m+fp/hard\libg.a(libc_a-readr.o)
                              C:/ARMGCC/bin/../lib/gcc/arm-none-eabi/14.2.1/thumb/v7e-m+fp/hard\libg.a(libc_a-stdio.o) (_read_r)
C:/ARMGCC/bin/../lib/gcc/arm-none-eabi/14.2.1/thumb/v7e-m+fp/hard\libg.a(libc_a-writer.o)
                              C:/ARMGCC/bin/../lib/gcc/arm-none-eabi/14.2.1/thumb/v7e-m+fp/hard\libg.a(libc_a-stdio.o) (_write_r)
C:/ARMGCC/bin/../lib/gcc/arm-none-eabi/14.2.1/thumb/v7e-m+fp/hard\libg.a(libc_a-init.o)
                              C:/ARMGCC/bin/../lib/gcc/arm-none-eabi/14.2.1/thumb/v7e-m+fp/hard/crt0.o (__libc_init_array)
C:/ARMGCC/bin/../lib/gcc/arm-none-eabi/14.2.1/thumb/v7e-m+fp/hard\libg.a(libc_a-lock.o)
                              C:/ARMGCC/bin/../lib/gcc/arm-none-eabi/14.2.1/thumb/v7e-m+fp/hard\libg.a(libc_a-findfp.o) (__retarget_lock_init_recursive)
C:/ARMGCC/bin/../lib/gcc/arm-none-eabi/14.2.1/thumb/v7e-m+fp/hard\libg.a(libc_a-memcpy.o)
                              ./queue.o (memcpy)
C:/ARMGCC/bin/../lib/gcc/arm-none-eabi/14.2.1/thumb/v7e-m+fp/hard\libg.a(libc_a-__call_atexit.o)
                              C:/ARMGCC/bin/../lib/gcc/arm-none-eabi/14.2.1/thumb/v7e-m+fp/hard\libg.a(libc_a-exit.o) (__call_exitprocs)
C:/ARMGCC/bin/../lib/gcc/arm-none-eabi/14.2.1/thumb/v7e-m+fp/hard\libg.a(libc_a-atexit.o)
                              C:/ARMGCC/bin/../lib/gcc/arm-none-eabi/14.2.1/thumb/v7e-m+fp/hard\libg.a(libc_a-__call_atexit.o) (atexit)
C:/ARMGCC/bin/../lib/gcc/arm-none-eabi/14.2.1/thumb/v7e-m+fp/hard\libg.a(libc_a-freer.o)
[...]
Memory Configuration

Name             Origin             Length             Attributes
FLASH            0x00000000         0x00040000         xr
SRAM             0x20000000         0x00008000         xw
*default*        0x00000000         0xffffffff

Linker script and memory map

LOAD C:/ARMGCC/bin/../lib/gcc/arm-none-eabi/14.2.1/thumb/v7e-m+fp/hard/crti.o
LOAD C:/ARMGCC/bin/../lib/gcc/arm-none-eabi/14.2.1/thumb/v7e-m+fp/hard/crtbegin.o
LOAD C:/ARMGCC/bin/../lib/gcc/arm-none-eabi/14.2.1/thumb/v7e-m+fp/hard/crt0.o
LOAD ./controller.o
LOAD ./event_groups.o
LOAD ./gpio.o
LOAD ./led_task.o
LOAD ./list.o
LOAD ./main.o
LOAD ./messages.o
LOAD ./queue.o
LOAD ./sw_task.o
LOAD ./swtimers.o
LOAD ./systick.o
LOAD ./tasks.o
LOAD ./timers.o
LOAD ./tm4c123gh6pm_startup_ccs_gcc.o
LOAD ./uart_config.o
LOAD ./uart_rx_task.o
LOAD ./uart_tx_task.o
LOAD ./drivers/buttons.o
LOAD ./drivers/rgb.o
LOAD ./portable/GCC/ARM_CM4F/port.o
LOAD ./portable/MemMang/heap_2.o
                0x00000000                        PROVIDE (_intvecs_base_address = 0x0)

.intvecs        0x00000000      0x26c
 *(.intvecs)
 .intvecs       0x00000000      0x26c ./tm4c123gh6pm_startup_ccs_gcc.o
                0x00000000                g_pfnVectors
                0x20000000                        PROVIDE (_vtable_base_address = 0x20000000)

.vtable
 *(.vtable)

.text           0x0000026c      0x54c
 CREATE_OBJECT_SYMBOLS
 *(.text)
 *(.text.*)
 .text.register_tm_clones
                0x0000026c       0x24 C:/ARMGCC/bin/../lib/gcc/arm-none-eabi/14.2.1/thumb/v7e-m+fp/hard/crtbegin.o
 .text.frame_dummy
                0x00000290       0x24 C:/ARMGCC/bin/../lib/gcc/arm-none-eabi/14.2.1/thumb/v7e-m+fp/hard/crtbegin.o
 .text.init_gpio
                0x000002b4       0x58 ./gpio.o
                0x000002b4                init_gpio
 .text.vListInsertEnd
                0x0000030c       0x16 ./list.o
                0x0000030c                vListInsertEnd
 .text.uxListRemove
                0x00000322       0x1e ./list.o
                0x00000322                uxListRemove
 .text.startup.main
                0x00000340       0x70 ./main.o
                0x00000340                main
 .text.init_systick
                0x000003b0       0x54 ./systick.o
                0x000003b0                init_systick
 .text.prvResetNextTaskUnblockTime
                0x00000404       0x24 ./tasks.o
 .text.vTaskSwitchContext.part.0
                0x00000428       0x12 ./tasks.o
 *fill*         0x0000043a        0x2 
 .text.xTaskIncrementTick
                0x0000043c      0x138 ./tasks.o
                0x0000043c                xTaskIncrementTick
 .text.vTaskSwitchContext
                0x00000574       0x5c ./tasks.o
                0x00000574                vTaskSwitchContext
 .text.NmiSR    0x000005d0        0x2 ./tm4c123gh6pm_startup_ccs_gcc.o
 .text.FaultISR
                0x000005d2        0x2 ./tm4c123gh6pm_startup_ccs_gcc.o
 .text.IntDefaultHandler
                0x000005d4        0x2 ./tm4c123gh6pm_startup_ccs_gcc.o
 *fill*         0x000005d6        0x2 
 .text.ResetISR
                0x000005d8       0x50 ./tm4c123gh6pm_startup_ccs_gcc.o
                0x000005d8                ResetISR
 .text.vPortSVCHandler
                0x00000628       0x20 ./portable/GCC/ARM_CM4F/port.o
                0x00000628                vPortSVCHandler
 .text.xPortPendSVHandler
                0x00000648       0x60 ./portable/GCC/ARM_CM4F/port.o
                0x00000648                xPortPendSVHandler
 .text.xPortSysTickHandler
                0x000006a8       0x30 ./portable/GCC/ARM_CM4F/port.o
                0x000006a8                xPortSysTickHandler
 .text.__retarget_lock_acquire_recursive
                0x000006d8        0x4 C:/ARMGCC/bin/../lib/gcc/arm-none-eabi/14.2.1/thumb/v7e-m+fp/hard\libg.a(libc_a-lock.o)
                0x000006d8                __retarget_lock_acquire_recursive
 .text.__retarget_lock_release_recursive
                0x000006dc        0x4 C:/ARMGCC/bin/../lib/gcc/arm-none-eabi/14.2.1/thumb/v7e-m+fp/hard\libg.a(libc_a-lock.o)
                0x000006dc                __retarget_lock_release_recursive
 .text.startup.register_fini
                0x000006e0       0x14 C:/ARMGCC/bin/../lib/gcc/arm-none-eabi/14.2.1/thumb/v7e-m+fp/hard\libg.a(libc_a-__call_atexit.o)
 .text.atexit   0x000006f4        0xc C:/ARMGCC/bin/../lib/gcc/arm-none-eabi/14.2.1/thumb/v7e-m+fp/hard\libg.a(libc_a-atexit.o)
                0x000006f4                atexit
 .text.__libc_fini_array
                0x00000700       0x28 C:/ARMGCC/bin/../lib/gcc/arm-none-eabi/14.2.1/thumb/v7e-m+fp/hard\libg.a(libc_a-fini.o)
                0x00000700                __libc_fini_array
 .text.__register_exitproc
                0x00000728       0x80 C:/ARMGCC/bin/../lib/gcc/arm-none-eabi/14.2.1/thumb/v7e-m+fp/hard\libg.a(libc_a-__atexit.o)
                0x00000728                __register_exitproc
                0x000007a8                        . = ALIGN (0x4)
 *(.ctors)
                0x000007a8                        . = ALIGN (0x4)
 *(.dtors)
                0x000007a8                        . = ALIGN (0x4)
                0x000007a8                        __init_array_start = .
 *(.init_array*)
 .init_array    0x000007a8        0x4 C:/ARMGCC/bin/../lib/gcc/arm-none-eabi/14.2.1/thumb/v7e-m+fp/hard/crtbegin.o
 .init_array.00000
                0x000007ac        0x4 C:/ARMGCC/bin/../lib/gcc/arm-none-eabi/14.2.1/thumb/v7e-m+fp/hard\libg.a(libc_a-__call_atexit.o)
                0x000007b0                        __init_array_end = .
 *(.init)
 .init          0x000007b0        0x4 C:/ARMGCC/bin/../lib/gcc/arm-none-eabi/14.2.1/thumb/v7e-m+fp/hard/crti.o
                0x000007b0                _init
 *(.fini*)
 .fini          0x000007b4        0x4 C:/ARMGCC/bin/../lib/gcc/arm-none-eabi/14.2.1/thumb/v7e-m+fp/hard/crti.o
                0x000007b4                _fini
                [!provide]                        PROVIDE (__etext = .)
                [!provide]                        PROVIDE (_etext = .)
                [!provide]                        PROVIDE (etext = .)

.glue_7         0x000007b8        0x0
 .glue_7        0x000007b8        0x0 linker stubs

.glue_7t        0x000007b8        0x0
 .glue_7t       0x000007b8        0x0 linker stubs

.vfp11_veneer   0x000007b8        0x0
 .vfp11_veneer  0x000007b8        0x0 linker stubs

.v4_bx          0x000007b8        0x0
 .v4_bx         0x000007b8        0x0 linker stubs

.iplt           0x000007b8        0x0
 .iplt          0x000007b8        0x0 C:/ARMGCC/bin/../lib/gcc/arm-none-eabi/14.2.1/thumb/v7e-m+fp/hard/crtbegin.o

.rodata
 *(.rodata)
 *(.rodata*)

.eh_frame       0x000007b8        0x0
 .eh_frame      0x000007b8        0x0 C:/ARMGCC/bin/../lib/gcc/arm-none-eabi/14.2.1/thumb/v7e-m+fp/hard/crtbegin.o

.rel.dyn        0x000007b8        0x0
 .rel.iplt      0x000007b8        0x0 C:/ARMGCC/bin/../lib/gcc/arm-none-eabi/14.2.1/thumb/v7e-m+fp/hard/crtbegin.o

.data           0x20000000        0xc load address 0x000007b8
                0x000007b8                        __data_load__ = LOADADDR (.data)
                0x20000000                        __data_start__ = .
 *(.data)
 *(.data*)
 .data.traffic_light_sequence
                0x20000000        0x4 ./led_task.o
                0x20000000                traffic_light_sequence
 .data.alive_timer
                0x20000004        0x2 ./main.o
                0x20000004                alive_timer
 *fill*         0x20000006        0x2 
 .data.__atexit_recursive_mutex
                0x20000008        0x4 C:/ARMGCC/bin/../lib/gcc/arm-none-eabi/14.2.1/thumb/v7e-m+fp/hard\libg.a(libc_a-__call_atexit.o)
                0x20000008                __atexit_recursive_mutex
                0x2000000c                        . = ALIGN (0x4)
                0x2000000c                        __data_end__ = .

.tm_clone_table
                0x2000000c        0x0 load address 0x000007c4
 .tm_clone_table
                0x2000000c        0x0 C:/ARMGCC/bin/../lib/gcc/arm-none-eabi/14.2.1/thumb/v7e-m+fp/hard/crtbegin.o
 .tm_clone_table
                0x2000000c        0x0 C:/ARMGCC/bin/../lib/gcc/arm-none-eabi/14.2.1/thumb/v7e-m+fp/hard/crtend.o

.igot.plt       0x2000000c        0x0 load address 0x000007c4
 .igot.plt      0x2000000c        0x0 C:/ARMGCC/bin/../lib/gcc/arm-none-eabi/14.2.1/thumb/v7e-m+fp/hard/crtbegin.o

.ARM.exidx      0x000007c4        0x0
                0x000007c4                        __exidx_start = .
 *(.ARM.exidx* .gnu.linkonce.armexidx.*)
                0x000007c4                        __exidx_end = .

.ARM.extab
 *(.ARM.extab* .gnu.linkonce.armextab.*)

.bss            0x2000000c      0x440
                0x2000000c                        __bss_start__ = .
 *(.shbss)
 *(.bss)
 *(.bss.*)
 .bss.object.0  0x2000000c       0x18 C:/ARMGCC/bin/../lib/gcc/arm-none-eabi/14.2.1/thumb/v7e-m+fp/hard/crtbegin.o
 .bss.ticks     0x20000024        0x4 ./systick.o
                0x20000024                ticks
 .bss.uxSchedulerSuspended
                0x20000028        0x4 ./tasks.o
 .bss.xNextTaskUnblockTime
                0x2000002c        0x4 ./tasks.o
 .bss.xNumOfOverflows
                0x20000030        0x4 ./tasks.o
 .bss.xYieldPending
                0x20000034        0x4 ./tasks.o
 .bss.uxPendedTicks
                0x20000038        0x4 ./tasks.o
 .bss.uxTopReadyPriority
                0x2000003c        0x4 ./tasks.o
 .bss.xTickCount
                0x20000040        0x4 ./tasks.o
 .bss.pxOverflowDelayedTaskList
                0x20000044        0x4 ./tasks.o
 .bss.pxDelayedTaskList
                0x20000048        0x4 ./tasks.o
 .bss.pxReadyTasksLists
                0x2000004c       0x64 ./tasks.o
 .bss.pxCurrentTCB
                0x200000b0        0x4 ./tasks.o
                0x200000b0                pxCurrentTCB
 .bss.pui32Stack
                0x200000b4      0x200 ./tm4c123gh6pm_startup_ccs_gcc.o
 .bss.__lock___atexit_recursive_mutex
                0x200002b4        0x1 C:/ARMGCC/bin/../lib/gcc/arm-none-eabi/14.2.1/thumb/v7e-m+fp/hard\libg.a(libc_a-lock.o)
                0x200002b4                __lock___atexit_recursive_mutex
 *fill*         0x200002b5        0x3 
 .bss.__atexit  0x200002b8        0x4 C:/ARMGCC/bin/../lib/gcc/arm-none-eabi/14.2.1/thumb/v7e-m+fp/hard\libg.a(libc_a-__call_atexit.o)
                0x200002b8                __atexit
 .bss.__atexit0
                0x200002bc      0x190 C:/ARMGCC/bin/../lib/gcc/arm-none-eabi/14.2.1/thumb/v7e-m+fp/hard\libg.a(libc_a-__atexit.o)
                0x200002bc                __atexit0
 *(COMMON)
                0x2000044c                        . = ALIGN (0x4)
                0x2000044c                        __bss_end__ = .

.heap           0x2000044c        0x0
                0x2000044c                        __heap_start__ = .
                0x2000044c                        end = __heap_start__
                0x2000044c                        _end = end
                0x2000044c                        __end = end
 *(.heap)
                0x2000044c                        __heap_end__ = .
                0x2000044c                        __HeapLimit = __heap_end__

.stack          0x20000450        0x0
                0x20000450                        _stack = .
                0x20000450                        __stack = .
 *(.stack)
LOAD C:/ti/tivaware_SW-EK-TM4C123GXL-2.1.4.178.exe/driverlib/gcc/libdriver.a
START GROUP
LOAD C:/ARMGCC/bin/../lib/gcc/arm-none-eabi/14.2.1/thumb/v7e-m+fp/hard\libgcc.a
LOAD C:/ARMGCC/bin/../lib/gcc/arm-none-eabi/14.2.1/thumb/v7e-m+fp/hard\libg.a
LOAD C:/ARMGCC/bin/../lib/gcc/arm-none-eabi/14.2.1/thumb/v7e-m+fp/hard\libc.a
END GROUP
START GROUP
LOAD C:/ARMGCC/bin/../lib/gcc/arm-none-eabi/14.2.1/thumb/v7e-m+fp/hard\libgcc.a
LOAD C:/ARMGCC/bin/../lib/gcc/arm-none-eabi/14.2.1/thumb/v7e-m+fp/hard\libc.a
LOAD C:/ARMGCC/bin/../lib/gcc/arm-none-eabi/14.2.1/thumb/v7e-m+fp/hard\libnosys.a
END GROUP
LOAD C:/ARMGCC/bin/../lib/gcc/arm-none-eabi/14.2.1/thumb/v7e-m+fp/hard/crtend.o
LOAD C:/ARMGCC/bin/../lib/gcc/arm-none-eabi/14.2.1/thumb/v7e-m+fp/hard/crtn.o
OUTPUT(tiva_freeRTOS_RB4_test.out elf32-littlearm)
LOAD linker stubs

.ARM.attributes
                0x00000000       0x30
 .ARM.attributes
                0x00000000       0x22 C:/ARMGCC/bin/../lib/gcc/arm-none-eabi/14.2.1/thumb/v7e-m+fp/hard/crti.o
 .ARM.attributes
                0x00000022       0x34 C:/ARMGCC/bin/../lib/gcc/arm-none-eabi/14.2.1/thumb/v7e-m+fp/hard/crtbegin.o
 .ARM.attributes
                0x00000056       0x34 ./gpio.o
 .ARM.attributes
                0x0000008a       0x34 ./led_task.o
 .ARM.attributes
                0x000000be       0x34 ./list.o
 .ARM.attributes
                0x000000f2       0x34 ./main.o
 .ARM.attributes
                0x00000126       0x34 ./systick.o
 .ARM.attributes
                0x0000015a       0x34 ./tasks.o
 .ARM.attributes
                0x0000018e       0x34 ./tm4c123gh6pm_startup_ccs_gcc.o
 .ARM.attributes
                0x000001c2       0x34 ./portable/GCC/ARM_CM4F/port.o
 .ARM.attributes
                0x000001f6       0x34 C:/ARMGCC/bin/../lib/gcc/arm-none-eabi/14.2.1/thumb/v7e-m+fp/hard\libg.a(libc_a-lock.o)
 .ARM.attributes
                0x0000022a       0x34 C:/ARMGCC/bin/../lib/gcc/arm-none-eabi/14.2.1/thumb/v7e-m+fp/hard\libg.a(libc_a-__call_atexit.o)
 .ARM.attributes
                0x0000025e       0x34 C:/ARMGCC/bin/../lib/gcc/arm-none-eabi/14.2.1/thumb/v7e-m+fp/hard\libg.a(libc_a-atexit.o)
 .ARM.attributes
                0x00000292       0x34 C:/ARMGCC/bin/../lib/gcc/arm-none-eabi/14.2.1/thumb/v7e-m+fp/hard\libg.a(libc_a-fini.o)
 .ARM.attributes
                0x000002c6       0x34 C:/ARMGCC/bin/../lib/gcc/arm-none-eabi/14.2.1/thumb/v7e-m+fp/hard\libg.a(libc_a-__atexit.o)
 .ARM.attributes
                0x000002fa       0x34 C:/ARMGCC/bin/../lib/gcc/arm-none-eabi/14.2.1/thumb/v7e-m+fp/hard/crtend.o

.comment        0x00000000       0x45
 .comment       0x00000000       0x45 ./gpio.o
                                 0x46 (size before relaxing)
 .comment       0x00000045       0x46 ./led_task.o
 .comment       0x00000045       0x46 ./list.o
 .comment       0x00000045       0x46 ./main.o
 .comment       0x00000045       0x46 ./systick.o
 .comment       0x00000045       0x46 ./tasks.o
 .comment       0x00000045       0x46 ./tm4c123gh6pm_startup_ccs_gcc.o
 .comment       0x00000045       0x46 ./portable/GCC/ARM_CM4F/port.o

.debug_info     0x00000000     0x2b76
 .debug_info    0x00000000       0xb3 ./gpio.o
 .debug_info    0x000000b3       0xf6 ./led_task.o
 .debug_info    0x000001a9      0x2c7 ./list.o
 .debug_info    0x00000470      0x13b ./main.o
 .debug_info    0x000005ab       0xc3 ./systick.o
 .debug_info    0x0000066e     0x1d39 ./tasks.o
 .debug_info    0x000023a7      0x1b3 ./tm4c123gh6pm_startup_ccs_gcc.o
 .debug_info    0x0000255a      0x61c ./portable/GCC/ARM_CM4F/port.o

.debug_abbrev   0x00000000      0xaaa
 .debug_abbrev  0x00000000       0x5f ./gpio.o
 .debug_abbrev  0x0000005f       0x8d ./led_task.o
 .debug_abbrev  0x000000ec      0x101 ./list.o
 .debug_abbrev  0x000001ed       0xb5 ./main.o
 .debug_abbrev  0x000002a2       0x7f ./systick.o
 .debug_abbrev  0x00000321      0x3e9 ./tasks.o
 .debug_abbrev  0x0000070a      0x100 ./tm4c123gh6pm_startup_ccs_gcc.o
 .debug_abbrev  0x0000080a      0x2a0 ./portable/GCC/ARM_CM4F/port.o

.debug_aranges  0x00000000      0x318
 .debug_aranges
                0x00000000       0x20 ./gpio.o
 .debug_aranges
                0x00000020       0x20 ./led_task.o
 .debug_aranges
                0x00000040       0x40 ./list.o
 .debug_aranges
                0x00000080       0x20 ./main.o
 .debug_aranges
                0x000000a0       0x28 ./systick.o
 .debug_aranges
                0x000000c8      0x188 ./tasks.o
 .debug_aranges
                0x00000250       0x38 ./tm4c123gh6pm_startup_ccs_gcc.o
 .debug_aranges
                0x00000288       0x90 ./portable/GCC/ARM_CM4F/port.o

.debug_ranges   0x00000000      0x438
 .debug_ranges  0x00000000       0x10 ./gpio.o
 .debug_ranges  0x00000010       0x10 ./led_task.o
 .debug_ranges  0x00000020       0x30 ./list.o
 .debug_ranges  0x00000050       0x10 ./main.o
 .debug_ranges  0x00000060       0x18 ./systick.o
 .debug_ranges  0x00000078      0x2b0 ./tasks.o
 .debug_ranges  0x00000328       0x28 ./tm4c123gh6pm_startup_ccs_gcc.o
 .debug_ranges  0x00000350       0xe8 ./portable/GCC/ARM_CM4F/port.o

.debug_line     0x00000000     0x2b6d
 .debug_line    0x00000000      0x10e ./gpio.o
 .debug_line    0x0000010e      0x128 ./led_task.o
 .debug_line    0x00000236      0x2e8 ./list.o
 .debug_line    0x0000051e      0x190 ./main.o
 .debug_line    0x000006ae      0x110 ./systick.o
 .debug_line    0x000007be     0x1bdb ./tasks.o
 .debug_line    0x00002399      0x13a ./tm4c123gh6pm_startup_ccs_gcc.o
 .debug_line    0x000024d3      0x69a ./portable/GCC/ARM_CM4F/port.o

.debug_str      0x00000000     0x12d2
 .debug_str     0x00000000     0x12d2 ./gpio.o
                                0x1d0 (size before relaxing)
 .debug_str     0x000012d2      0x208 ./led_task.o
 .debug_str     0x000012d2      0x303 ./list.o
 .debug_str     0x000012d2      0x22a ./main.o
 .debug_str     0x000012d2      0x1d9 ./systick.o
 .debug_str     0x000012d2      0xf92 ./tasks.o
 .debug_str     0x000012d2      0x286 ./tm4c123gh6pm_startup_ccs_gcc.o
 .debug_str     0x000012d2      0x5eb ./portable/GCC/ARM_CM4F/port.o

.debug_frame    0x00000000      0x958
 .debug_frame   0x00000000       0x2c ./gpio.o
 .debug_frame   0x0000002c       0x20 ./led_task.o
 .debug_frame   0x0000004c       0x6c ./list.o
 .debug_frame   0x000000b8       0x28 ./main.o
 .debug_frame   0x000000e0       0x30 ./systick.o
 .debug_frame   0x00000110      0x528 ./tasks.o
 .debug_frame   0x00000638       0x50 ./tm4c123gh6pm_startup_ccs_gcc.o
 .debug_frame   0x00000688      0x13c ./portable/GCC/ARM_CM4F/port.o
 .debug_frame   0x000007c4       0xb0 C:/ARMGCC/bin/../lib/gcc/arm-none-eabi/14.2.1/thumb/v7e-m+fp/hard\libg.a(libc_a-lock.o)
 .debug_frame   0x00000874       0x5c C:/ARMGCC/bin/../lib/gcc/arm-none-eabi/14.2.1/thumb/v7e-m+fp/hard\libg.a(libc_a-__call_atexit.o)
 .debug_frame   0x000008d0       0x20 C:/ARMGCC/bin/../lib/gcc/arm-none-eabi/14.2.1/thumb/v7e-m+fp/hard\libg.a(libc_a-atexit.o)
 .debug_frame   0x000008f0       0x34 C:/ARMGCC/bin/../lib/gcc/arm-none-eabi/14.2.1/thumb/v7e-m+fp/hard\libg.a(libc_a-fini.o)
 .debug_frame   0x00000924       0x34 C:/ARMGCC/bin/../lib/gcc/arm-none-eabi/14.2.1/thumb/v7e-m+fp/hard\libg.a(libc_a-__atexit.o)

.debug_loc      0x00000000      0xf97
 .debug_loc     0x00000000       0x13 ./led_task.o
 .debug_loc     0x00000013       0x67 ./list.o
 .debug_loc     0x0000007a      0xdd6 ./tasks.o
 .debug_loc     0x00000e50       0x3c ./tm4c123gh6pm_startup_ccs_gcc.o
 .debug_loc     0x00000e8c      0x10b ./portable/GCC/ARM_CM4F/port.o
