Archive member included to satisfy reference by file (symbol)

C:/ti/tivaware_SW-EK-TM4C123GXL-2.1.4.178.exe/driverlib/gcc/libdriver.a(sysctl.o)
                              ./drivers/rgb.o (SysCtlClockGet)
C:/ti/tivaware_SW-EK-TM4C123GXL-2.1.4.178.exe/driverlib/gcc/libdriver.a(uart.o)
                              ./freertos_demo.o (UARTClockSourceSet)
C:/ti/tivaware_SW-EK-TM4C123GXL-2.1.4.178.exe/driverlib/gcc/libdriver.a(cpu.o)
                              C:/ti/tivaware_SW-EK-TM4C123GXL-2.1.4.178.exe/driverlib/gcc/libdriver.a(sysctl.o) (CPUwfi)
C:/ti/tivaware_SW-EK-TM4C123GXL-2.1.4.178.exe/driverlib/gcc/libdriver.a(interrupt.o)
                              C:/ti/tivaware_SW-EK-TM4C123GXL-2.1.4.178.exe/driverlib/gcc/libdriver.a(sysctl.o) (IntRegister)
C:/ARMGCC/bin/../lib/gcc/arm-none-eabi/14.2.1/thumb/v7e-m+fp/hard\libgcc.a(_fixunssfdi.o)
                              ./drivers/rgb.o (__aeabi_f2ulz)
C:/ARMGCC/bin/../lib/gcc/arm-none-eabi/14.2.1/thumb/v7e-m+fp/hard\libgcc.a(_arm_muldf3.o)
                              C:/ARMGCC/bin/../lib/gcc/arm-none-eabi/14.2.1/thumb/v7e-m+fp/hard\libgcc.a(_fixunssfdi.o) (__aeabi_dmul)
C:/ARMGCC/bin/../lib/gcc/arm-none-eabi/14.2.1/thumb/v7e-m+fp/hard\libgcc.a(_arm_addsubdf3.o)
                              C:/ARMGCC/bin/../lib/gcc/arm-none-eabi/14.2.1/thumb/v7e-m+fp/hard\libgcc.a(_fixunssfdi.o) (__aeabi_dsub)
C:/ARMGCC/bin/../lib/gcc/arm-none-eabi/14.2.1/thumb/v7e-m+fp/hard\libgcc.a(_arm_fixunsdfsi.o)
                              C:/ARMGCC/bin/../lib/gcc/arm-none-eabi/14.2.1/thumb/v7e-m+fp/hard\libgcc.a(_fixunssfdi.o) (__aeabi_d2uiz)
C:/ARMGCC/bin/../lib/gcc/arm-none-eabi/14.2.1/thumb/v7e-m+fp/hard\libg.a(libc_a-exit.o)
                              C:/ARMGCC/bin/../lib/gcc/arm-none-eabi/14.2.1/thumb/v7e-m+fp/hard/crt0.o (exit)
C:/ARMGCC/bin/../lib/gcc/arm-none-eabi/14.2.1/thumb/v7e-m+fp/hard\libg.a(libc_a-findfp.o)
                              C:/ARMGCC/bin/../lib/gcc/arm-none-eabi/14.2.1/thumb/v7e-m+fp/hard\libg.a(libc_a-exit.o) (__stdio_exit_handler)
C:/ARMGCC/bin/../lib/gcc/arm-none-eabi/14.2.1/thumb/v7e-m+fp/hard\libg.a(libc_a-fwalk.o)
                              C:/ARMGCC/bin/../lib/gcc/arm-none-eabi/14.2.1/thumb/v7e-m+fp/hard\libg.a(libc_a-findfp.o) (_fwalk_sglue)
C:/ARMGCC/bin/../lib/gcc/arm-none-eabi/14.2.1/thumb/v7e-m+fp/hard\libg.a(libc_a-stdio.o)
                              C:/ARMGCC/bin/../lib/gcc/arm-none-eabi/14.2.1/thumb/v7e-m+fp/hard\libg.a(libc_a-findfp.o) (__sread)
C:/ARMGCC/bin/../lib/gcc/arm-none-eabi/14.2.1/thumb/v7e-m+fp/hard\libg.a(libc_a-memset.o)
                              C:/ARMGCC/bin/../lib/gcc/arm-none-eabi/14.2.1/thumb/v7e-m+fp/hard/crt0.o (memset)
C:/ARMGCC/bin/../lib/gcc/arm-none-eabi/14.2.1/thumb/v7e-m+fp/hard\libg.a(libc_a-closer.o)
                              C:/ARMGCC/bin/../lib/gcc/arm-none-eabi/14.2.1/thumb/v7e-m+fp/hard\libg.a(libc_a-stdio.o) (_close_r)
C:/ARMGCC/bin/../lib/gcc/arm-none-eabi/14.2.1/thumb/v7e-m+fp/hard\libg.a(libc_a-reent.o)
                              C:/ARMGCC/bin/../lib/gcc/arm-none-eabi/14.2.1/thumb/v7e-m+fp/hard\libg.a(libc_a-closer.o) (errno)
C:/ARMGCC/bin/../lib/gcc/arm-none-eabi/14.2.1/thumb/v7e-m+fp/hard\libg.a(libc_a-impure.o)
                              C:/ARMGCC/bin/../lib/gcc/arm-none-eabi/14.2.1/thumb/v7e-m+fp/hard\libg.a(libc_a-reent.o) (_impure_ptr)
C:/ARMGCC/bin/../lib/gcc/arm-none-eabi/14.2.1/thumb/v7e-m+fp/hard\libg.a(libc_a-lseekr.o)
                              C:/ARMGCC/bin/../lib/gcc/arm-none-eabi/14.2.1/thumb/v7e-m+fp/hard\libg.a(libc_a-stdio.o) (_lseek_r)
C:/ARMGCC/bin/../lib/gcc/arm-none-eabi/14.2.1/thumb/v7e-m+fp/hard\libg.a(libc_a-readr.o)
                              C:/ARMGCC/bin/../lib/gcc/arm-none-eabi/14.2.1/thumb/v7e-m+fp/hard\libg.a(libc_a-stdio.o) (_read_r)
C:/ARMGCC/bin/../lib/gcc/arm-none-eabi/14.2.1/thumb/v7e-m+fp/hard\libg.a(libc_a-writer.o)
                              C:/ARMGCC/bin/../lib/gcc/arm-none-eabi/14.2.1/thumb/v7e-m+fp/hard\libg.a(libc_a-stdio.o) (_write_r)
C:/ARMGCC/bin/../lib/gcc/arm-none-eabi/14.2.1/thumb/v7e-m+fp/hard\libg.a(libc_a-init.o)
                              C:/ARMGCC/bin/../lib/gcc/arm-none-eabi/14.2.1/thumb/v7e-m+fp/hard/crt0.o (__libc_init_array)
C:/ARMGCC/bin/../lib/gcc/arm-none-eabi/14.2.1/thumb/v7e-m+fp/hard\libg.a(libc_a-lock.o)
                              C:/ARMGCC/bin/../lib/gcc/arm-none-eabi/14.2.1/thumb/v7e-m+fp/hard\libg.a(libc_a-findfp.o) (__retarget_lock_init_recursive)
C:/ARMGCC/bin/../lib/gcc/arm-none-eabi/14.2.1/thumb/v7e-m+fp/hard\libg.a(libc_a-memcpy.o)
                              ./queue.o (memcpy)
C:/ARMGCC/bin/../lib/gcc/arm-none-eabi/14.2.1/thumb/v7e-m+fp/hard\libg.a(libc_a-strlen.o)
                              ./uartstdio.o (strlen)
C:/ARMGCC/bin/../lib/gcc/arm-none-eabi/14.2.1/thumb/v7e-m+fp/hard\libg.a(libc_a-__call_atexit.o)
                              C:/ARMGCC/bin/../lib/gcc/arm-none-eabi/14.2.1/thumb/v7e-m+fp/hard\libg.a(libc_a-exit.o) (__call_exitprocs)
[...]
Memory Configuration

Name             Origin             Length             Attributes
FLASH            0x00000000         0x00040000         xr
SRAM             0x20000000         0x00008000         xw
*default*        0x00000000         0xffffffff

Linker script and memory map

LOAD C:/ARMGCC/bin/../lib/gcc/arm-none-eabi/14.2.1/thumb/v7e-m+fp/hard/crti.o
LOAD C:/ARMGCC/bin/../lib/gcc/arm-none-eabi/14.2.1/thumb/v7e-m+fp/hard/crtbegin.o
LOAD C:/ARMGCC/bin/../lib/gcc/arm-none-eabi/14.2.1/thumb/v7e-m+fp/hard/crt0.o
LOAD ./croutine.o
LOAD ./event_groups.o
LOAD ./freertos_demo.o
LOAD ./led_task.o
LOAD ./list.o
LOAD ./queue.o
LOAD ./switch_task.o
LOAD ./tasks.o
LOAD ./timers.o
LOAD ./tm4c123gh6pm_startup_ccs_gcc.o
LOAD ./uartstdio.o
LOAD ./drivers/buttons.o
LOAD ./drivers/rgb.o
LOAD ./portable/GCC/ARM_CM4F/port.o
LOAD ./portable/MemMang/heap_2.o
                0x00000000                        PROVIDE (_intvecs_base_address = 0x0)

.intvecs        0x00000000      0x26c
 *(.intvecs)
 .intvecs       0x00000000      0x26c ./tm4c123gh6pm_startup_ccs_gcc.o
                0x00000000                g_pfnVectors
                0x20000000                        PROVIDE (_vtable_base_address = 0x20000000)

.vtable
 *(.vtable)

.text           0x00000280     0x270c
 CREATE_OBJECT_SYMBOLS
 *(.text)
 .text          0x00000280      0x134 C:/ARMGCC/bin/../lib/gcc/arm-none-eabi/14.2.1/thumb/v7e-m+fp/hard\libg.a(libc_a-memcpy.o)
                0x00000280                memcpy
 *fill*         0x000003b4        0xc 
 .text          0x000003c0       0xd8 C:/ARMGCC/bin/../lib/gcc/arm-none-eabi/14.2.1/thumb/v7e-m+fp/hard\libg.a(libc_a-strlen.o)
                0x000003c0                strlen
 *(.text.*)
 .text.register_tm_clones
                0x00000498       0x24 C:/ARMGCC/bin/../lib/gcc/arm-none-eabi/14.2.1/thumb/v7e-m+fp/hard/crtbegin.o
 .text.frame_dummy
                0x000004bc       0x24 C:/ARMGCC/bin/../lib/gcc/arm-none-eabi/14.2.1/thumb/v7e-m+fp/hard/crtbegin.o
 .text.vApplicationStackOverflowHook
                0x000004e0        0x2 ./freertos_demo.o
                0x000004e0                vApplicationStackOverflowHook
 *fill*         0x000004e2        0x2 
 .text.ConfigureUART
                0x000004e4       0x5c ./freertos_demo.o
                0x000004e4                ConfigureUART
 .text.startup.main
                0x00000540       0x44 ./freertos_demo.o
                0x00000540                main
 .text.LEDTask  0x00000584       0xe0 ./led_task.o
 .text.LEDTaskInit
                0x00000664       0x88 ./led_task.o
                0x00000664                LEDTaskInit
 .text.vListInitialise
                0x000006ec       0x16 ./list.o
                0x000006ec                vListInitialise
 .text.vListInitialiseItem
                0x00000702        0x6 ./list.o
                0x00000702                vListInitialiseItem
 .text.vListInsertEnd
                0x00000708       0x16 ./list.o
                0x00000708                vListInsertEnd
 .text.vListInsert
                0x0000071e       0x2e ./list.o
                0x0000071e                vListInsert
 .text.uxListRemove
                0x0000074c       0x1e ./list.o
                0x0000074c                uxListRemove
 .text.prvCopyDataToQueue
                0x0000076a       0x6c ./queue.o
 .text.prvCopyDataFromQueue
                0x000007d6       0x2a ./queue.o
 .text.prvUnlockQueue
                0x00000800       0x68 ./queue.o
 .text.xQueueGenericReset
                0x00000868       0x7e ./queue.o
                0x00000868                xQueueGenericReset
 .text.xQueueGenericCreate
                0x000008e6       0x5c ./queue.o
                0x000008e6                xQueueGenericCreate
 .text.xQueueGenericSend
                0x00000942      0x16a ./queue.o
                0x00000942                xQueueGenericSend
 .text.xQueueCreateMutex
                0x00000aac       0x44 ./queue.o
                0x00000aac                xQueueCreateMutex
 .text.xQueueGenericSendFromISR
                0x00000af0       0xb2 ./queue.o
                0x00000af0                xQueueGenericSendFromISR
 .text.xQueueGenericReceive
                0x00000ba2      0x176 ./queue.o
                0x00000ba2                xQueueGenericReceive
 .text.vQueueWaitForMessageRestricted
                0x00000d18       0x3e ./queue.o
                0x00000d18                vQueueWaitForMessageRestricted
 *fill*         0x00000d56        0x2 
 .text.SwitchTask
                0x00000d58       0xa0 ./switch_task.o
 .text.SwitchTaskInit
                0x00000df8       0x48 ./switch_task.o
                0x00000df8                SwitchTaskInit
 .text.prvGetExpectedIdleTime
                0x00000e40       0x30 ./tasks.o
 .text.prvResetNextTaskUnblockTime
                0x00000e70       0x24 ./tasks.o
 .text.prvAddCurrentTaskToDelayedList
                0x00000e94       0x50 ./tasks.o
 .text.xTaskGenericCreate
                0x00000ee4      0x1e8 ./tasks.o
                0x00000ee4                xTaskGenericCreate
 .text.vTaskStartScheduler
                0x000010cc       0x7c ./tasks.o
                0x000010cc                vTaskStartScheduler
 .text.vTaskSuspendAll
                0x00001148       0x10 ./tasks.o
                0x00001148                vTaskSuspendAll
 .text.xTaskGetTickCount
                0x00001158        0xc ./tasks.o
                0x00001158                xTaskGetTickCount
 .text.vTaskStepTick
                0x00001164       0x30 ./tasks.o
                0x00001164                vTaskStepTick
 .text.xTaskIncrementTick
                0x00001194      0x138 ./tasks.o
                0x00001194                xTaskIncrementTick
 .text.xTaskResumeAll
                0x000012cc       0xe8 ./tasks.o
                0x000012cc                xTaskResumeAll
 .text.vTaskDelayUntil
                0x000013b4       0xb8 ./tasks.o
                0x000013b4                vTaskDelayUntil
 .text.prvIdleTask
                0x0000146c       0xb8 ./tasks.o
 .text.vTaskSwitchContext
                0x00001524       0x9c ./tasks.o
                0x00001524                vTaskSwitchContext
 .text.vTaskPlaceOnEventList
                0x000015c0       0x70 ./tasks.o
                0x000015c0                vTaskPlaceOnEventList
 .text.vTaskPlaceOnEventListRestricted
                0x00001630       0x70 ./tasks.o
                0x00001630                vTaskPlaceOnEventListRestricted
 .text.xTaskRemoveFromEventList
                0x000016a0       0x88 ./tasks.o
                0x000016a0                xTaskRemoveFromEventList
 .text.vTaskSetTimeOutState
                0x00001728       0x2c ./tasks.o
                0x00001728                vTaskSetTimeOutState
 .text.xTaskCheckForTimeOut
                0x00001754       0x74 ./tasks.o
                0x00001754                xTaskCheckForTimeOut
 .text.vTaskMissedYield
                0x000017c8        0xc ./tasks.o
                0x000017c8                vTaskMissedYield
 .text.eTaskConfirmSleepModeStatus
                0x000017d4       0x34 ./tasks.o
                0x000017d4                eTaskConfirmSleepModeStatus
 .text.xTaskGetSchedulerState
                0x00001808       0x20 ./tasks.o
                0x00001808                xTaskGetSchedulerState
 .text.vTaskPriorityInherit
                0x00001828       0x90 ./tasks.o
                0x00001828                vTaskPriorityInherit
 .text.xTaskPriorityDisinherit
                0x000018b8       0xa0 ./tasks.o
                0x000018b8                xTaskPriorityDisinherit
 .text.pvTaskIncrementMutexHeldCount
                0x00001958       0x18 ./tasks.o
                0x00001958                pvTaskIncrementMutexHeldCount
 .text.prvInsertTimerInActiveList
                0x00001970       0x3c ./timers.o
 .text.prvCheckForValidListAndQueue
                0x000019ac       0x60 ./timers.o
 .text.xTimerCreateTimerTask
                0x00001a0c       0x48 ./timers.o
                0x00001a0c                xTimerCreateTimerTask
 .text.xTimerGenericCommand
                0x00001a54       0x58 ./timers.o
                0x00001a54                xTimerGenericCommand
 .text.prvSwitchTimerLists
                0x00001aac       0x74 ./timers.o
 .text.prvTimerTask
                0x00001b20      0x1d8 ./timers.o
 .text.NmiSR    0x00001cf8        0x2 ./tm4c123gh6pm_startup_ccs_gcc.o
 .text.FaultISR
                0x00001cfa        0x2 ./tm4c123gh6pm_startup_ccs_gcc.o
 .text.IntDefaultHandler
                0x00001cfc        0x2 ./tm4c123gh6pm_startup_ccs_gcc.o
 *fill*         0x00001cfe        0x2 
 .text.ResetISR
                0x00001d00       0x50 ./tm4c123gh6pm_startup_ccs_gcc.o
                0x00001d00                ResetISR
 .text.UARTStdioConfig
                0x00001d50       0x5c ./uartstdio.o
                0x00001d50                UARTStdioConfig
 .text.UARTwrite
                0x00001dac       0x44 ./uartstdio.o
                0x00001dac                UARTwrite
 .text.UARTvprintf
                0x00001df0      0x1c8 ./uartstdio.o
                0x00001df0                UARTvprintf
 .text.UARTprintf
                0x00001fb8       0x1a ./uartstdio.o
                0x00001fb8                UARTprintf
 *fill*         0x00001fd2        0x2 
 .text.ButtonsPoll
                0x00001fd4       0x70 ./drivers/buttons.o
                0x00001fd4                ButtonsPoll
 .text.ButtonsInit
                0x00002044       0x60 ./drivers/buttons.o
                0x00002044                ButtonsInit
 .text.RGBEnable
                0x000020a4       0xa8 ./drivers/rgb.o
                0x000020a4                RGBEnable
 .text.RGBInit  0x0000214c       0xd0 ./drivers/rgb.o
                0x0000214c                RGBInit
 .text.RGBDisable
                0x0000221c       0x58 ./drivers/rgb.o
                0x0000221c                RGBDisable
 .text.RGBColorSet
                0x00002274       0x8c ./drivers/rgb.o
                0x00002274                RGBColorSet
 .text.RGBIntensitySet
                0x00002300       0x14 ./drivers/rgb.o
                0x00002300                RGBIntensitySet
 .text.prvTaskExitError
                0x00002314       0x30 ./portable/GCC/ARM_CM4F/port.o
 .text.prvPortStartFirstTask
                0x00002344       0x20 ./portable/GCC/ARM_CM4F/port.o
 .text.vPortEnableVFP
                0x00002364       0x14 ./portable/GCC/ARM_CM4F/port.o
 .text.vPortEnterCritical.part.0
                0x00002378       0x12 ./portable/GCC/ARM_CM4F/port.o
 *fill*         0x0000238a        0x2 
 .text.pxPortInitialiseStack
                0x0000238c       0x24 ./portable/GCC/ARM_CM4F/port.o
                0x0000238c                pxPortInitialiseStack
 .text.vPortSVCHandler
                0x000023b0       0x20 ./portable/GCC/ARM_CM4F/port.o
                0x000023b0                vPortSVCHandler
 .text.vPortEnterCritical
                0x000023d0       0x34 ./portable/GCC/ARM_CM4F/port.o
                0x000023d0                vPortEnterCritical
 .text.vPortExitCritical
                0x00002404       0x1c ./portable/GCC/ARM_CM4F/port.o
                0x00002404                vPortExitCritical
 .text.xPortPendSVHandler
                0x00002420       0x60 ./portable/GCC/ARM_CM4F/port.o
                0x00002420                xPortPendSVHandler
 .text.xPortSysTickHandler
                0x00002480       0x30 ./portable/GCC/ARM_CM4F/port.o
                0x00002480                xPortSysTickHandler
 .text.vPortSuppressTicksAndSleep
                0x000024b0       0xf0 ./portable/GCC/ARM_CM4F/port.o
                0x000024b0                vPortSuppressTicksAndSleep
 .text.vPortSetupTimerInterrupt
                0x000025a0       0x34 ./portable/GCC/ARM_CM4F/port.o
                0x000025a0                vPortSetupTimerInterrupt
 .text.xPortStartScheduler
                0x000025d4       0xe4 ./portable/GCC/ARM_CM4F/port.o
                0x000025d4                xPortStartScheduler
 .text.vPortValidateInterruptPriority
                0x000026b8       0x5c ./portable/GCC/ARM_CM4F/port.o
                0x000026b8                vPortValidateInterruptPriority
 .text.pvPortMalloc
                0x00002714       0xb4 ./portable/MemMang/heap_2.o
                0x00002714                pvPortMalloc
 .text.vPortFree
                0x000027c8       0x40 ./portable/MemMang/heap_2.o
                0x000027c8                vPortFree
 .text.UARTClockSourceSet
                0x00002808        0x6 C:/ti/tivaware_SW-EK-TM4C123GXL-2.1.4.178.exe/driverlib/gcc/libdriver.a(uart.o)
                0x00002808                UARTClockSourceSet
 *fill*         0x0000280e        0x2 
 .text.memset   0x00002810       0x9c C:/ARMGCC/bin/../lib/gcc/arm-none-eabi/14.2.1/thumb/v7e-m+fp/hard\libg.a(libc_a-memset.o)
                0x00002810                memset
 .text.__retarget_lock_acquire_recursive
                0x000028ac        0x4 C:/ARMGCC/bin/../lib/gcc/arm-none-eabi/14.2.1/thumb/v7e-m+fp/hard\libg.a(libc_a-lock.o)
                0x000028ac                __retarget_lock_acquire_recursive
 .text.__retarget_lock_release_recursive
                0x000028b0        0x4 C:/ARMGCC/bin/../lib/gcc/arm-none-eabi/14.2.1/thumb/v7e-m+fp/hard\libg.a(libc_a-lock.o)
                0x000028b0                __retarget_lock_release_recursive
 .text.startup.register_fini
                0x000028b4       0x14 C:/ARMGCC/bin/../lib/gcc/arm-none-eabi/14.2.1/thumb/v7e-m+fp/hard\libg.a(libc_a-__call_atexit.o)
 .text.atexit   0x000028c8        0xc C:/ARMGCC/bin/../lib/gcc/arm-none-eabi/14.2.1/thumb/v7e-m+fp/hard\libg.a(libc_a-atexit.o)
                0x000028c8                atexit
 .text.__libc_fini_array
                0x000028d4       0x28 C:/ARMGCC/bin/../lib/gcc/arm-none-eabi/14.2.1/thumb/v7e-m+fp/hard\libg.a(libc_a-fini.o)
                0x000028d4                __libc_fini_array
 .text.__register_exitproc
                0x000028fc       0x80 C:/ARMGCC/bin/../lib/gcc/arm-none-eabi/14.2.1/thumb/v7e-m+fp/hard\libg.a(libc_a-__atexit.o)
                0x000028fc                __register_exitproc
                0x0000297c                        . = ALIGN (0x4)
 *(.ctors)
                0x0000297c                        . = ALIGN (0x4)
 *(.dtors)
                0x0000297c                        . = ALIGN (0x4)
                0x0000297c                        __init_array_start = .
 *(.init_array*)
 .init_array    0x0000297c        0x4 C:/ARMGCC/bin/../lib/gcc/arm-none-eabi/14.2.1/thumb/v7e-m+fp/hard/crtbegin.o
 .init_array.00000
                0x00002980        0x4 C:/ARMGCC/bin/../lib/gcc/arm-none-eabi/14.2.1/thumb/v7e-m+fp/hard\libg.a(libc_a-__call_atexit.o)
                0x00002984                        __init_array_end = .
 *(.init)
 .init          0x00002984        0x4 C:/ARMGCC/bin/../lib/gcc/arm-none-eabi/14.2.1/thumb/v7e-m+fp/hard/crti.o
                0x00002984                _init
 *(.fini*)
 .fini          0x00002988        0x4 C:/ARMGCC/bin/../lib/gcc/arm-none-eabi/14.2.1/thumb/v7e-m+fp/hard/crti.o
                0x00002988                _fini
                [!provide]                        PROVIDE (__etext = .)
                [!provide]                        PROVIDE (_etext = .)
                [!provide]                        PROVIDE (etext = .)

.glue_7         0x0000298c        0x0
 .glue_7        0x0000298c        0x0 linker stubs

.glue_7t        0x0000298c        0x0
 .glue_7t       0x0000298c        0x0 linker stubs

.vfp11_veneer   0x0000298c        0x0
 .vfp11_veneer  0x0000298c        0x0 linker stubs

.v4_bx          0x0000298c        0x0
 .v4_bx         0x0000298c        0x0 linker stubs

.iplt           0x0000298c        0x0
 .iplt          0x0000298c        0x0 C:/ARMGCC/bin/../lib/gcc/arm-none-eabi/14.2.1/thumb/v7e-m+fp/hard/crtbegin.o

.rodata         0x0000298c      0x118
 *(.rodata)
 *(.rodata*)
 .rodata.main.str1.1
                0x0000298c       0xfd ./freertos_demo.o
                                 0x2f (size before relaxing)
 .rodata.LEDTask.str1.1
                0x00002a89       0x41 ./led_task.o
 .rodata.LEDTaskInit.str1.1
                0x00002a89       0x24 ./led_task.o
 .rodata.SwitchTask.str1.1
                0x00002a89       0x5b ./switch_task.o
 .rodata.SwitchTaskInit.str1.1
                0x00002a89        0x7 ./switch_task.o
 .rodata.vTaskStartScheduler.str1.1
                0x00002a89        0x5 ./tasks.o
 .rodata.xTimerCreateTimerTask.str1.1
                0x00002a89        0x8 ./timers.o
 .rodata.UARTvprintf.str1.1
                0x00002a89       0x19 ./uartstdio.o
 *fill*         0x00002a89        0x3 
 .rodata.g_ui32UARTPeriph
                0x00002a8c        0xc ./uartstdio.o
 .rodata.g_ui32UARTBase
                0x00002a98        0xc ./uartstdio.o

.eh_frame       0x00002aa4        0x0
 .eh_frame      0x00002aa4        0x0 C:/ARMGCC/bin/../lib/gcc/arm-none-eabi/14.2.1/thumb/v7e-m+fp/hard/crtbegin.o

.data           0x20000000       0x14 load address 0x00002aa4
                0x00002aa4                        __data_load__ = LOADADDR (.data)
                0x20000000                        __data_start__ = .
 *(.data)
 *(.data*)
 .data.g_ui8ButtonStates
                0x20000000        0x1 ./drivers/buttons.o
 *fill*         0x20000001        0x3 
 .data.g_fIntensity
                0x20000004        0x4 ./drivers/rgb.o
 .data.uxCriticalNesting
                0x20000008        0x4 ./portable/GCC/ARM_CM4F/port.o
 .data.xFreeBytesRemaining
                0x2000000c        0x4 ./portable/MemMang/heap_2.o
 .data.__atexit_recursive_mutex
                0x20000010        0x4 C:/ARMGCC/bin/../lib/gcc/arm-none-eabi/14.2.1/thumb/v7e-m+fp/hard\libg.a(libc_a-__call_atexit.o)
                0x20000010                __atexit_recursive_mutex
                0x20000014                        . = ALIGN (0x4)
                0x20000014                        __data_end__ = .

.tm_clone_table
                0x20000014        0x0 load address 0x00002ab8
 .tm_clone_table
                0x20000014        0x0 C:/ARMGCC/bin/../lib/gcc/arm-none-eabi/14.2.1/thumb/v7e-m+fp/hard/crtbegin.o
 .tm_clone_table
                0x20000014        0x0 C:/ARMGCC/bin/../lib/gcc/arm-none-eabi/14.2.1/thumb/v7e-m+fp/hard/crtend.o

.igot.plt       0x20000014        0x0 load address 0x00002ab8
 .igot.plt      0x20000014        0x0 C:/ARMGCC/bin/../lib/gcc/arm-none-eabi/14.2.1/thumb/v7e-m+fp/hard/crtbegin.o

.ARM.exidx      0x00002ab8        0x8
                0x00002ab8                        __exidx_start = .
 *(.ARM.exidx* .gnu.linkonce.armexidx.*)
 .ARM.exidx     0x00002ab8        0x8 C:/ARMGCC/bin/../lib/gcc/arm-none-eabi/14.2.1/thumb/v7e-m+fp/hard\libg.a(libc_a-memcpy.o)
 .ARM.exidx     0x00002ac0        0x0 C:/ARMGCC/bin/../lib/gcc/arm-none-eabi/14.2.1/thumb/v7e-m+fp/hard\libg.a(libc_a-strlen.o)
                                  0x8 (size before relaxing)
                0x00002ac0                        __exidx_end = .

.rel.dyn        0x00002ac0        0x0
 .rel.iplt      0x00002ac0        0x0 C:/ARMGCC/bin/../lib/gcc/arm-none-eabi/14.2.1/thumb/v7e-m+fp/hard/crtbegin.o

.ARM.extab
 *(.ARM.extab* .gnu.linkonce.armextab.*)

.bss            0x20000014     0x2d3c
                0x20000014                        __bss_start__ = .
 *(.shbss)
 *(.bss)
 *(.bss.*)
 .bss.object.0  0x20000014       0x18 C:/ARMGCC/bin/../lib/gcc/arm-none-eabi/14.2.1/thumb/v7e-m+fp/hard/crtbegin.o
 .bss.g_pUARTSemaphore
                0x2000002c        0x4 ./freertos_demo.o
                0x2000002c                g_pUARTSemaphore
 .bss.g_ui8ColorsIndx
                0x20000030        0x1 ./led_task.o
 *fill*         0x20000031        0x3 
 .bss.g_pui32Colors
                0x20000034        0xc ./led_task.o
 .bss.g_pLEDQueue
                0x20000040        0x4 ./led_task.o
                0x20000040                g_pLEDQueue
 .bss.uxSchedulerSuspended
                0x20000044        0x4 ./tasks.o
 .bss.xNextTaskUnblockTime
                0x20000048        0x4 ./tasks.o
 .bss.uxTaskNumber
                0x2000004c        0x4 ./tasks.o
 .bss.xNumOfOverflows
                0x20000050        0x4 ./tasks.o
 .bss.xYieldPending
                0x20000054        0x4 ./tasks.o
 .bss.uxPendedTicks
                0x20000058        0x4 ./tasks.o
 .bss.xSchedulerRunning
                0x2000005c        0x4 ./tasks.o
 .bss.uxTopReadyPriority
                0x20000060        0x4 ./tasks.o
 .bss.xTickCount
                0x20000064        0x4 ./tasks.o
 .bss.uxCurrentNumberOfTasks
                0x20000068        0x4 ./tasks.o
 .bss.xSuspendedTaskList
                0x2000006c       0x14 ./tasks.o
 .bss.uxTasksDeleted
                0x20000080        0x4 ./tasks.o
 .bss.xTasksWaitingTermination
                0x20000084       0x14 ./tasks.o
 .bss.xPendingReadyList
                0x20000098       0x14 ./tasks.o
 .bss.pxOverflowDelayedTaskList
                0x200000ac        0x4 ./tasks.o
 .bss.pxDelayedTaskList
                0x200000b0        0x4 ./tasks.o
 .bss.xDelayedTaskList2
                0x200000b4       0x14 ./tasks.o
 .bss.xDelayedTaskList1
                0x200000c8       0x14 ./tasks.o
 .bss.pxReadyTasksLists
                0x200000dc       0x64 ./tasks.o
 .bss.pxCurrentTCB
                0x20000140        0x4 ./tasks.o
                0x20000140                pxCurrentTCB
 .bss.xLastTime.0
                0x20000144        0x4 ./timers.o
 .bss.xTimerQueue
                0x20000148        0x4 ./timers.o
 .bss.pxOverflowTimerList
                0x2000014c        0x4 ./timers.o
 .bss.pxCurrentTimerList
                0x20000150        0x4 ./timers.o
 .bss.xActiveTimerList2
                0x20000154       0x14 ./timers.o
 .bss.xActiveTimerList1
                0x20000168       0x14 ./timers.o
 .bss.pui32Stack
                0x2000017c      0x200 ./tm4c123gh6pm_startup_ccs_gcc.o
 .bss.g_ui32Base
                0x2000037c        0x4 ./uartstdio.o
 .bss.ui8SwitchClockB.0
                0x20000380        0x1 ./drivers/buttons.o
 .bss.ui8SwitchClockA.1
                0x20000381        0x1 ./drivers/buttons.o
 *fill*         0x20000382        0x2 
 .bss.g_ui32Colors
                0x20000384        0xc ./drivers/rgb.o
 .bss.ulMaxPRIGROUPValue
                0x20000390        0x4 ./portable/GCC/ARM_CM4F/port.o
 .bss.ucMaxSysCallPriority
                0x20000394        0x1 ./portable/GCC/ARM_CM4F/port.o
 *fill*         0x20000395        0x3 
 .bss.ulStoppedTimerCompensation
                0x20000398        0x4 ./portable/GCC/ARM_CM4F/port.o
 .bss.xMaximumPossibleSuppressedTicks
                0x2000039c        0x4 ./portable/GCC/ARM_CM4F/port.o
 .bss.ulTimerCountsForOneTick
                0x200003a0        0x4 ./portable/GCC/ARM_CM4F/port.o
 .bss.xHeapHasBeenInitialised.0
                0x200003a4        0x4 ./portable/MemMang/heap_2.o
 .bss.xEnd      0x200003a8        0x8 ./portable/MemMang/heap_2.o
 .bss.xStart    0x200003b0        0x8 ./portable/MemMang/heap_2.o
 .bss.ucHeap    0x200003b8     0x2800 ./portable/MemMang/heap_2.o
 .bss.__lock___atexit_recursive_mutex
                0x20002bb8        0x1 C:/ARMGCC/bin/../lib/gcc/arm-none-eabi/14.2.1/thumb/v7e-m+fp/hard\libg.a(libc_a-lock.o)
                0x20002bb8                __lock___atexit_recursive_mutex
 *fill*         0x20002bb9        0x3 
 .bss.__atexit  0x20002bbc        0x4 C:/ARMGCC/bin/../lib/gcc/arm-none-eabi/14.2.1/thumb/v7e-m+fp/hard\libg.a(libc_a-__call_atexit.o)
                0x20002bbc                __atexit
 .bss.__atexit0
                0x20002bc0      0x190 C:/ARMGCC/bin/../lib/gcc/arm-none-eabi/14.2.1/thumb/v7e-m+fp/hard\libg.a(libc_a-__atexit.o)
                0x20002bc0                __atexit0
 *(COMMON)
                0x20002d50                        . = ALIGN (0x4)
                0x20002d50                        __bss_end__ = .

.heap           0x20002d50        0x0
                0x20002d50                        __heap_start__ = .
                0x20002d50                        end = __heap_start__
                0x20002d50                        _end = end
                0x20002d50                        __end = end
 *(.heap)
                0x20002d50                        __heap_end__ = .
                0x20002d50                        __HeapLimit = __heap_end__

.stack          0x20002d50        0x0
                0x20002d50                        _stack = .
                0x20002d50                        __stack = .
 *(.stack)
LOAD C:/ti/tivaware_SW-EK-TM4C123GXL-2.1.4.178.exe/driverlib/gcc/libdriver.a
START GROUP
LOAD C:/ARMGCC/bin/../lib/gcc/arm-none-eabi/14.2.1/thumb/v7e-m+fp/hard\libgcc.a
LOAD C:/ARMGCC/bin/../lib/gcc/arm-none-eabi/14.2.1/thumb/v7e-m+fp/hard\libg.a
LOAD C:/ARMGCC/bin/../lib/gcc/arm-none-eabi/14.2.1/thumb/v7e-m+fp/hard\libc.a
END GROUP
START GROUP
LOAD C:/ARMGCC/bin/../lib/gcc/arm-none-eabi/14.2.1/thumb/v7e-m+fp/hard\libgcc.a
LOAD C:/ARMGCC/bin/../lib/gcc/arm-none-eabi/14.2.1/thumb/v7e-m+fp/hard\libc.a
LOAD C:/ARMGCC/bin/../lib/gcc/arm-none-eabi/14.2.1/thumb/v7e-m+fp/hard\libnosys.a
END GROUP
LOAD C:/ARMGCC/bin/../lib/gcc/arm-none-eabi/14.2.1/thumb/v7e-m+fp/hard/crtend.o
LOAD C:/ARMGCC/bin/../lib/gcc/arm-none-eabi/14.2.1/thumb/v7e-m+fp/hard/crtn.o
OUTPUT(tiva_freeRTOS_test.out elf32-littlearm)
LOAD linker stubs

.ARM.attributes
                0x00000000       0x30
 .ARM.attributes
                0x00000000       0x22 C:/ARMGCC/bin/../lib/gcc/arm-none-eabi/14.2.1/thumb/v7e-m+fp/hard/crti.o
 .ARM.attributes
                0x00000022       0x34 C:/ARMGCC/bin/../lib/gcc/arm-none-eabi/14.2.1/thumb/v7e-m+fp/hard/crtbegin.o
 .ARM.attributes
                0x00000056       0x34 ./freertos_demo.o
 .ARM.attributes
                0x0000008a       0x34 ./led_task.o
 .ARM.attributes
                0x000000be       0x34 ./list.o
 .ARM.attributes
                0x000000f2       0x34 ./queue.o
 .ARM.attributes
                0x00000126       0x34 ./switch_task.o
 .ARM.attributes
                0x0000015a       0x34 ./tasks.o
 .ARM.attributes
                0x0000018e       0x34 ./timers.o
 .ARM.attributes
                0x000001c2       0x34 ./tm4c123gh6pm_startup_ccs_gcc.o
 .ARM.attributes
                0x000001f6       0x34 ./uartstdio.o
 .ARM.attributes
                0x0000022a       0x34 ./drivers/buttons.o
 .ARM.attributes
                0x0000025e       0x34 ./drivers/rgb.o
 .ARM.attributes
                0x00000292       0x34 ./portable/GCC/ARM_CM4F/port.o
 .ARM.attributes
                0x000002c6       0x34 ./portable/MemMang/heap_2.o
 .ARM.attributes
                0x000002fa       0x3b C:/ti/tivaware_SW-EK-TM4C123GXL-2.1.4.178.exe/driverlib/gcc/libdriver.a(uart.o)
 .ARM.attributes
                0x00000335       0x34 C:/ARMGCC/bin/../lib/gcc/arm-none-eabi/14.2.1/thumb/v7e-m+fp/hard\libg.a(libc_a-memset.o)
 .ARM.attributes
                0x00000369       0x34 C:/ARMGCC/bin/../lib/gcc/arm-none-eabi/14.2.1/thumb/v7e-m+fp/hard\libg.a(libc_a-lock.o)
 .ARM.attributes
                0x0000039d       0x20 C:/ARMGCC/bin/../lib/gcc/arm-none-eabi/14.2.1/thumb/v7e-m+fp/hard\libg.a(libc_a-memcpy.o)
 .ARM.attributes
                0x000003bd       0x1c C:/ARMGCC/bin/../lib/gcc/arm-none-eabi/14.2.1/thumb/v7e-m+fp/hard\libg.a(libc_a-strlen.o)
 .ARM.attributes
                0x000003d9       0x34 C:/ARMGCC/bin/../lib/gcc/arm-none-eabi/14.2.1/thumb/v7e-m+fp/hard\libg.a(libc_a-__call_atexit.o)
 .ARM.attributes
                0x0000040d       0x34 C:/ARMGCC/bin/../lib/gcc/arm-none-eabi/14.2.1/thumb/v7e-m+fp/hard\libg.a(libc_a-atexit.o)
 .ARM.attributes
                0x00000441       0x34 C:/ARMGCC/bin/../lib/gcc/arm-none-eabi/14.2.1/thumb/v7e-m+fp/hard\libg.a(libc_a-fini.o)
 .ARM.attributes
                0x00000475       0x34 C:/ARMGCC/bin/../lib/gcc/arm-none-eabi/14.2.1/thumb/v7e-m+fp/hard\libg.a(libc_a-__atexit.o)
 .ARM.attributes
                0x000004a9       0x34 C:/ARMGCC/bin/../lib/gcc/arm-none-eabi/14.2.1/thumb/v7e-m+fp/hard/crtend.o

.comment        0x00000000       0xb5
 .comment       0x00000000       0xb5 ./freertos_demo.o
                                 0x46 (size before relaxing)
 .comment       0x000000b5       0x46 ./led_task.o
 .comment       0x000000b5       0x46 ./list.o
 .comment       0x000000b5       0x46 ./queue.o
 .comment       0x000000b5       0x46 ./switch_task.o
 .comment       0x000000b5       0x46 ./tasks.o
 .comment       0x000000b5       0x46 ./timers.o
 .comment       0x000000b5       0x46 ./tm4c123gh6pm_startup_ccs_gcc.o
 .comment       0x000000b5       0x46 ./uartstdio.o
 .comment       0x000000b5       0x46 ./drivers/buttons.o
 .comment       0x000000b5       0x46 ./drivers/rgb.o
 .comment       0x000000b5       0x46 ./portable/GCC/ARM_CM4F/port.o
 .comment       0x000000b5       0x46 ./portable/MemMang/heap_2.o
 .comment       0x000000b5       0x71 C:/ti/tivaware_SW-EK-TM4C123GXL-2.1.4.178.exe/driverlib/gcc/libdriver.a(uart.o)

.debug_info     0x00000000     0x5efa
 .debug_info    0x00000000      0x1f3 ./freertos_demo.o
 .debug_info    0x000001f3      0x3fc ./led_task.o
 .debug_info    0x000005ef      0x2c7 ./list.o
 .debug_info    0x000008b6     0x12d5 ./queue.o
 .debug_info    0x00001b8b      0x37a ./switch_task.o
 .debug_info    0x00001f05     0x1dea ./tasks.o
 .debug_info    0x00003cef      0xf58 ./timers.o
 .debug_info    0x00004c47      0x1b3 ./tm4c123gh6pm_startup_ccs_gcc.o
 .debug_info    0x00004dfa      0x3b9 ./uartstdio.o
 .debug_info    0x000051b3      0x161 ./drivers/buttons.o
 .debug_info    0x00005314      0x28d ./drivers/rgb.o
 .debug_info    0x000055a1      0x61c ./portable/GCC/ARM_CM4F/port.o
 .debug_info    0x00005bbd      0x33d ./portable/MemMang/heap_2.o

.debug_abbrev   0x00000000     0x1838
 .debug_abbrev  0x00000000      0x11d ./freertos_demo.o
 .debug_abbrev  0x0000011d      0x195 ./led_task.o
 .debug_abbrev  0x000002b2      0x101 ./list.o
 .debug_abbrev  0x000003b3      0x300 ./queue.o
 .debug_abbrev  0x000006b3      0x191 ./switch_task.o
 .debug_abbrev  0x00000844      0x3f0 ./tasks.o
 .debug_abbrev  0x00000c34      0x33c ./timers.o
 .debug_abbrev  0x00000f70      0x100 ./tm4c123gh6pm_startup_ccs_gcc.o
 .debug_abbrev  0x00001070      0x169 ./uartstdio.o
 .debug_abbrev  0x000011d9       0xa7 ./drivers/buttons.o
 .debug_abbrev  0x00001280      0x134 ./drivers/rgb.o
 .debug_abbrev  0x000013b4      0x2a0 ./portable/GCC/ARM_CM4F/port.o
 .debug_abbrev  0x00001654      0x1e4 ./portable/MemMang/heap_2.o

.debug_aranges  0x00000000      0x558
 .debug_aranges
                0x00000000       0x30 ./freertos_demo.o
 .debug_aranges
                0x00000030       0x28 ./led_task.o
 .debug_aranges
                0x00000058       0x40 ./list.o
 .debug_aranges
                0x00000098       0xc8 ./queue.o
 .debug_aranges
                0x00000160       0x28 ./switch_task.o
 .debug_aranges
                0x00000188      0x180 ./tasks.o
 .debug_aranges
                0x00000308       0x80 ./timers.o
 .debug_aranges
                0x00000388       0x38 ./tm4c123gh6pm_startup_ccs_gcc.o
 .debug_aranges
                0x000003c0       0x48 ./uartstdio.o
 .debug_aranges
                0x00000408       0x28 ./drivers/buttons.o
 .debug_aranges
                0x00000430       0x60 ./drivers/rgb.o
 .debug_aranges
                0x00000490       0x90 ./portable/GCC/ARM_CM4F/port.o
 .debug_aranges
                0x00000520       0x38 ./portable/MemMang/heap_2.o

.debug_ranges   0x00000000      0x720
 .debug_ranges  0x00000000       0x20 ./freertos_demo.o
 .debug_ranges  0x00000020       0x18 ./led_task.o
 .debug_ranges  0x00000038       0x30 ./list.o
 .debug_ranges  0x00000068      0x118 ./queue.o
 .debug_ranges  0x00000180       0x18 ./switch_task.o
 .debug_ranges  0x00000198      0x298 ./tasks.o
 .debug_ranges  0x00000430      0x118 ./timers.o
 .debug_ranges  0x00000548       0x28 ./tm4c123gh6pm_startup_ccs_gcc.o
 .debug_ranges  0x00000570       0x38 ./uartstdio.o
 .debug_ranges  0x000005a8       0x18 ./drivers/buttons.o
 .debug_ranges  0x000005c0       0x50 ./drivers/rgb.o
 .debug_ranges  0x00000610       0xe8 ./portable/GCC/ARM_CM4F/port.o
 .debug_ranges  0x000006f8       0x28 ./portable/MemMang/heap_2.o

.debug_line     0x00000000     0x546b
 .debug_line    0x00000000      0x24b ./freertos_demo.o
 .debug_line    0x0000024b      0x2f2 ./led_task.o
 .debug_line    0x0000053d      0x2e0 ./list.o
 .debug_line    0x0000081d      0xfc4 ./queue.o
 .debug_line    0x000017e1      0x2b3 ./switch_task.o
 .debug_line    0x00001a94     0x1c11 ./tasks.o
 .debug_line    0x000036a5      0x8c8 ./timers.o
 .debug_line    0x00003f6d      0x13a ./tm4c123gh6pm_startup_ccs_gcc.o
 .debug_line    0x000040a7      0x4af ./uartstdio.o
 .debug_line    0x00004556      0x1ab ./drivers/buttons.o
 .debug_line    0x00004701      0x391 ./drivers/rgb.o
 .debug_line    0x00004a92      0x692 ./portable/GCC/ARM_CM4F/port.o
 .debug_line    0x00005124      0x347 ./portable/MemMang/heap_2.o

.debug_str      0x00000000     0x1fa0
 .debug_str     0x00000000     0x1fa0 ./freertos_demo.o
                                0x2cb (size before relaxing)
 .debug_str     0x00001fa0      0x3dd ./led_task.o
 .debug_str     0x00001fa0      0x2ff ./list.o
 .debug_str     0x00001fa0      0x8fe ./queue.o
 .debug_str     0x00001fa0      0x3b0 ./switch_task.o
 .debug_str     0x00001fa0      0xfc9 ./tasks.o
 .debug_str     0x00001fa0      0x958 ./timers.o
 .debug_str     0x00001fa0      0x282 ./tm4c123gh6pm_startup_ccs_gcc.o
 .debug_str     0x00001fa0      0x31c ./uartstdio.o
 .debug_str     0x00001fa0      0x252 ./drivers/buttons.o
 .debug_str     0x00001fa0      0x2b7 ./drivers/rgb.o
 .debug_str     0x00001fa0      0x5e7 ./portable/GCC/ARM_CM4F/port.o
 .debug_str     0x00001fa0      0x369 ./portable/MemMang/heap_2.o

.debug_frame    0x00000000     0x1120
 .debug_frame   0x00000000       0x54 ./freertos_demo.o
 .debug_frame   0x00000054       0x50 ./led_task.o
 .debug_frame   0x000000a4       0x6c ./list.o
 .debug_frame   0x00000110      0x278 ./queue.o
 .debug_frame   0x00000388       0x48 ./switch_task.o
 .debug_frame   0x000003d0      0x510 ./tasks.o
 .debug_frame   0x000008e0      0x198 ./timers.o
 .debug_frame   0x00000a78       0x50 ./tm4c123gh6pm_startup_ccs_gcc.o
 .debug_frame   0x00000ac8       0xfc ./uartstdio.o
 .debug_frame   0x00000bc4       0x4c ./drivers/buttons.o
 .debug_frame   0x00000c10      0x148 ./drivers/rgb.o
 .debug_frame   0x00000d58      0x13c ./portable/GCC/ARM_CM4F/port.o
 .debug_frame   0x00000e94       0x74 ./portable/MemMang/heap_2.o
 .debug_frame   0x00000f08       0x2c C:/ARMGCC/bin/../lib/gcc/arm-none-eabi/14.2.1/thumb/v7e-m+fp/hard\libg.a(libc_a-memset.o)
 .debug_frame   0x00000f34       0xb0 C:/ARMGCC/bin/../lib/gcc/arm-none-eabi/14.2.1/thumb/v7e-m+fp/hard\libg.a(libc_a-lock.o)
 .debug_frame   0x00000fe4       0x28 C:/ARMGCC/bin/../lib/gcc/arm-none-eabi/14.2.1/thumb/v7e-m+fp/hard\libg.a(libc_a-memcpy.o)
 .debug_frame   0x0000100c       0x30 C:/ARMGCC/bin/../lib/gcc/arm-none-eabi/14.2.1/thumb/v7e-m+fp/hard\libg.a(libc_a-strlen.o)
 .debug_frame   0x0000103c       0x5c C:/ARMGCC/bin/../lib/gcc/arm-none-eabi/14.2.1/thumb/v7e-m+fp/hard\libg.a(libc_a-__call_atexit.o)
 .debug_frame   0x00001098       0x20 C:/ARMGCC/bin/../lib/gcc/arm-none-eabi/14.2.1/thumb/v7e-m+fp/hard\libg.a(libc_a-atexit.o)
 .debug_frame   0x000010b8       0x34 C:/ARMGCC/bin/../lib/gcc/arm-none-eabi/14.2.1/thumb/v7e-m+fp/hard\libg.a(libc_a-fini.o)
 .debug_frame   0x000010ec       0x34 C:/ARMGCC/bin/../lib/gcc/arm-none-eabi/14.2.1/thumb/v7e-m+fp/hard\libg.a(libc_a-__atexit.o)

.debug_loc      0x00000000     0x23f7
 .debug_loc     0x00000000       0x31 ./led_task.o
 .debug_loc     0x00000031       0x67 ./list.o
 .debug_loc     0x00000098      0x8ae ./queue.o
 .debug_loc     0x00000946       0x65 ./switch_task.o
 .debug_loc     0x000009ab      0xd9e ./tasks.o
 .debug_loc     0x00001749      0x54a ./timers.o
 .debug_loc     0x00001c93       0x3c ./tm4c123gh6pm_startup_ccs_gcc.o
 .debug_loc     0x00001ccf      0x375 ./uartstdio.o
 .debug_loc     0x00002044       0x62 ./drivers/buttons.o
 .debug_loc     0x000020a6       0xbc ./drivers/rgb.o
 .debug_loc     0x00002162      0x10b ./portable/GCC/ARM_CM4F/port.o
 .debug_loc     0x0000226d      0x18a ./portable/MemMang/heap_2.o

.debug_line_str
                0x00000000       0xf2
 .debug_line_str
                0x00000000       0xf2 C:/ARMGCC/bin/../lib/gcc/arm-none-eabi/14.2.1/thumb/v7e-m+fp/hard\libg.a(libc_a-memcpy.o)
                                 0xe3 (size before relaxing)
 .debug_line_str
                0x000000f2       0xe2 C:/ARMGCC/bin/../lib/gcc/arm-none-eabi/14.2.1/thumb/v7e-m+fp/hard\libg.a(libc_a-strlen.o)
